Archive member included because of file (symbol)

C:/Freescale/CW MCU v10.3_121211/MCU/ARM_GCC_Support/ewl/lib/armv7e-m\libc.a(sprintf.o)
                              ./Sources/Communication_c.obj (sprintf)
C:/Freescale/CW MCU v10.3_121211/MCU/ARM_GCC_Support/ewl/lib/armv7e-m\libc.a(vsnprintf.o)
                              C:/Freescale/CW MCU v10.3_121211/MCU/ARM_GCC_Support/ewl/lib/armv7e-m\libc.a(sprintf.o) (vsnprintf)
C:/Freescale/CW MCU v10.3_121211/MCU/ARM_GCC_Support/ewl/lib/armv7e-m\libc.a(atoi.o)
                              ./Sources/Communication_c.obj (atoi)
C:/Freescale/CW MCU v10.3_121211/MCU/ARM_GCC_Support/ewl/lib/armv7e-m\libc.a(exit.o)
                              ./Project_Settings/Startup_Code/__arm_start_c.obj (exit)
C:/Freescale/CW MCU v10.3_121211/MCU/ARM_GCC_Support/ewl/lib/armv7e-m\libc.a(memcmp.o)
                              ./Sources/Communication_c.obj (memcmp)
C:/Freescale/CW MCU v10.3_121211/MCU/ARM_GCC_Support/ewl/lib/armv7e-m\libc.a(memcpy.o)
                              C:/Freescale/CW MCU v10.3_121211/MCU/ARM_GCC_Support/ewl/lib/armv7e-m\libc.a(vsnprintf.o) (memcpy)
C:/Freescale/CW MCU v10.3_121211/MCU/ARM_GCC_Support/ewl/lib/armv7e-m\libc.a(memset.o)
                              ./Project_Settings/Startup_Code/__arm_start_c.obj (memset)
C:/Freescale/CW MCU v10.3_121211/MCU/ARM_GCC_Support/ewl/lib/armv7e-m\libc.a(strlen.o)
                              ./Sources/Communication_c.obj (strlen)
C:/Freescale/CW MCU v10.3_121211/MCU/ARM_GCC_Support/ewl/lib/armv7e-m\libc.a(printformat_.o)
                              (__pformatter_)
C:/Freescale/CW MCU v10.3_121211/MCU/ARM_GCC_Support/ewl/lib/armv7e-m\libc.a(scanformat_.o)
                              (__sformatter)
C:/Freescale/CW MCU v10.3_121211/MCU/ARM_GCC_Support/ewl/lib/armv7e-m\libc.a(ctype_aeabi.o)
                              C:/Freescale/CW MCU v10.3_121211/MCU/ARM_GCC_Support/ewl/lib/armv7e-m\libc.a(scanformat_.o) (isspace)
C:/Freescale/CW MCU v10.3_121211/MCU/ARM_GCC_Support/ewl/lib/armv7e-m\libc.a(errno.o)
                              C:/Freescale/CW MCU v10.3_121211/MCU/ARM_GCC_Support/ewl/lib/armv7e-m\libc.a(atoi.o) (errno)
C:/Freescale/CW MCU v10.3_121211/MCU/ARM_GCC_Support/ewl/lib/armv7e-m\libc.a(vsscanf.o)
                              C:/Freescale/CW MCU v10.3_121211/MCU/ARM_GCC_Support/ewl/lib/armv7e-m\libc.a(atoi.o) (__StringRead)
C:/Freescale/CW MCU v10.3_121211/MCU/ARM_GCC_Support/ewl/lib/armv7e-m\libc.a(__strtoul.o)
                              C:/Freescale/CW MCU v10.3_121211/MCU/ARM_GCC_Support/ewl/lib/armv7e-m\libc.a(atoi.o) (__strtoul)
C:/Freescale/CW MCU v10.3_121211/MCU/ARM_GCC_Support/ewl/lib/armv7e-m\libc.a(__filll_mem.o)
                              C:/Freescale/CW MCU v10.3_121211/MCU/ARM_GCC_Support/ewl/lib/armv7e-m\libc.a(memset.o) (__fill_mem)
C:/Freescale/CW MCU v10.3_121211/MCU/ARM_GCC_Support/ewl/lib/armv7e-m\libc.a(memchr.o)
                              C:/Freescale/CW MCU v10.3_121211/MCU/ARM_GCC_Support/ewl/lib/armv7e-m\libc.a(printformat_.o) (memchr)
C:/Freescale/CW MCU v10.3_121211/MCU/ARM_GCC_Support/ewl/lib/armv7e-m\libc.a(strchr.o)
                              C:/Freescale/CW MCU v10.3_121211/MCU/ARM_GCC_Support/ewl/lib/armv7e-m\libc.a(printformat_.o) (strchr)
C:/Freescale/CW MCU v10.3_121211/MCU/ARM_GCC_Support/ewl/lib/armv7e-m\librt.a(gcc_ctor_dtor.o)
                              ./Project_Settings/Startup_Code/__arm_start_c.obj (__init_cpp)
C:/Freescale/CW MCU v10.3_121211/MCU/ARM_GCC_Support/ewl/lib/armv7e-m\librt.a(ROMCopy.o)
                              ./Project_Settings/Startup_Code/__arm_start_c.obj (__copy_rom_sections_to_ram)
C:/Freescale/CW MCU v10.3_121211/MCU/ARM_GCC_Support/ewl/lib/armv7e-m\librt.a(__arm_eabi_init.o)
                              C:/Freescale/CW MCU v10.3_121211/MCU/ARM_GCC_Support/ewl/lib/armv7e-m\libc.a(exit.o) (__destroy_global_chain)

Allocating common symbols
Common symbol       size              file

Map                 0x2710            ./Sources/ProcessorExpert_c.obj
errno               0x4               C:/Freescale/CW MCU v10.3_121211/MCU/ARM_GCC_Support/ewl/lib/armv7e-m\libc.a(errno.o)
Accelerometer       0x1e              ./Sources/ProcessorExpert_c.obj
Communication       0x40e             ./Sources/ProcessorExpert_c.obj
Steering            0x34              ./Sources/ProcessorExpert_c.obj
Odometry            0x28              ./Sources/ProcessorExpert_c.obj
SR_reg              0x1               ./Generated_Code/Cpu_c.obj
Camera              0x6b0             ./Sources/ProcessorExpert_c.obj
Controller          0x28              ./Sources/ProcessorExpert_c.obj

Discarded input sections

 .text          0x00000000        0x0 ./Sources/Accelerometer_c.obj
 .data          0x00000000        0x0 ./Sources/Accelerometer_c.obj
 .bss           0x00000000        0x0 ./Sources/Accelerometer_c.obj
 .text          0x00000000        0x0 ./Sources/Camera_c.obj
 .data          0x00000000        0x0 ./Sources/Camera_c.obj
[...]
Memory Configuration

Name             Origin             Length             Attributes
m_interrupts     0x00000000         0x000001e0         xr
m_text           0x00000410         0x0003fbf0         xr
m_data           0x1fff8000         0x00008000         rw
m_data_20000000  0x20000000         0x00008000         rw
m_cfmprotrom     0x00000400         0x00000010         xr
*default*        0x00000000         0xffffffff

Linker script and memory map

LOAD ./Sources/Accelerometer_c.obj
LOAD ./Sources/Camera_c.obj
LOAD ./Sources/Communication_c.obj
LOAD ./Sources/Controller_c.obj
LOAD ./Sources/Events_c.obj
LOAD ./Sources/Map_c.obj
LOAD ./Sources/Odometry_c.obj
LOAD ./Sources/ProcessorExpert_c.obj
LOAD ./Sources/Steering_c.obj
LOAD ./Project_Settings/Startup_Code/__arm_end_c.obj
LOAD ./Project_Settings/Startup_Code/__arm_start_c.obj
LOAD ./Generated_Code/AD1_c.obj
LOAD ./Generated_Code/AD2_c.obj
LOAD ./Generated_Code/AS1_c.obj
LOAD ./Generated_Code/CameraTimer_c.obj
LOAD ./Generated_Code/Cpu_c.obj
LOAD ./Generated_Code/CsIO1_c.obj
LOAD ./Generated_Code/GPIO1_c.obj
LOAD ./Generated_Code/GPIO2_c.obj
LOAD ./Generated_Code/GPIO3_c.obj
LOAD ./Generated_Code/I2C2_c.obj
LOAD ./Generated_Code/IO1_c.obj
LOAD ./Generated_Code/OdometryGPIO_c.obj
LOAD ./Generated_Code/OdometryTimer_c.obj
LOAD ./Generated_Code/PE_LDD_c.obj
LOAD ./Generated_Code/PWMMotor_c.obj
LOAD ./Generated_Code/Period_c.obj
LOAD ./Generated_Code/ServoTimer_c.obj
LOAD ./Generated_Code/SiPin_c.obj
LOAD ./Generated_Code/Vectors_c.obj
                0x000048ec                __pformatter = __pformatter_
                [0x00004ce4]                __sformatter = __sformatter
START GROUP
LOAD C:/Freescale/CW MCU v10.3_121211/MCU/ARM_GCC_Support/ewl/lib/armv7e-m\libc.a
LOAD C:/Freescale/CW MCU v10.3_121211/MCU/ARM_GCC_Support/ewl/lib/armv7e-m\libm.a
LOAD c:/freescale/cw mcu v10.3_121211/cross_tools/arm-none-eabi-gcc-4_6_2/bin/../lib/gcc/arm-none-eabi/4.6.2/armv7e-m\libgcc.a
LOAD C:/Freescale/CW MCU v10.3_121211/MCU/ARM_GCC_Support/ewl/lib/armv7e-m\librt.a
LOAD C:/Freescale/CW MCU v10.3_121211/MCU/ARM_GCC_Support/ewl/lib/armv7e-m\libuart.a
END GROUP
                0x20000000                _estack = 0x20000000
                0x20000000                __SP_INIT = _estack
                0x00000000                __heap_size = 0x0
                0x00000400                __stack_size = 0x400

.interrupts     0x00000000      0x1e0
                0x00000000                __vector_table = .
                0x00000000                . = ALIGN (0x4)
 *(.vectortable)
 .vectortable   0x00000000      0x1e0 ./Generated_Code/Vectors_c.obj
                0x00000000                __vect_table
                0x000001e0                . = ALIGN (0x4)

.cfmprotect     0x00000400       0x10
                0x00000400                . = ALIGN (0x4)
 *(.cfmconfig)
 .cfmconfig     0x00000400       0x10 ./Generated_Code/Cpu_c.obj
                0x00000400                _cfm
                0x00000410                . = ALIGN (0x4)

.text           0x00000410     0x55bc
                0x00000410                . = ALIGN (0x4)
 *(.text)
 *(.text*)
 .text.AccelerometerInit
                0x00000410      0x278 ./Sources/Accelerometer_c.obj
                0x00000410                AccelerometerInit
 .text.CameraInit
                0x00000688       0xf4 ./Sources/Camera_c.obj
                0x00000688                CameraInit
 .text.Convolution
                0x0000077c      0x100 ./Sources/Camera_c.obj
                0x0000077c                Convolution
 .text.GetMinimumIndex
                0x0000087c       0x58 ./Sources/Camera_c.obj
                0x0000087c                GetMinimumIndex
 .text.GetMaximumIndex
                0x000008d4       0x58 ./Sources/Camera_c.obj
                0x000008d4                GetMaximumIndex
 .text.GetMaximumValue
                0x0000092c       0x58 ./Sources/Camera_c.obj
                0x0000092c                GetMaximumValue
 .text.GetNumberFromCommandBuffer
                0x00000984       0x68 ./Sources/Communication_c.obj
                0x00000984                GetNumberFromCommandBuffer
 .text.GetMatchCharNum
                0x000009ec       0x40 ./Sources/Communication_c.obj
                0x000009ec                GetMatchCharNum
 .text.GetParameterLength
                0x00000a2c       0x48 ./Sources/Communication_c.obj
                0x00000a2c                GetParameterLength
 .text.CommunicationHandler
                0x00000a74      0x498 ./Sources/Communication_c.obj
                0x00000a74                CommunicationHandler
 .text.GetSteeringControllerConstantsCommandHandler
                0x00000f0c       0x80 ./Sources/Communication_c.obj
                0x00000f0c                GetSteeringControllerConstantsCommandHandler
 .text.IncrementSteeringKpCommandHandler
                0x00000f8c       0x2c ./Sources/Communication_c.obj
                0x00000f8c                IncrementSteeringKpCommandHandler
 .text.IncrementSteeringKiCommandHandler
                0x00000fb8       0x2c ./Sources/Communication_c.obj
                0x00000fb8                IncrementSteeringKiCommandHandler
 .text.IncrementSteeringKdCommandHandler
                0x00000fe4       0x2c ./Sources/Communication_c.obj
                0x00000fe4                IncrementSteeringKdCommandHandler
 .text.IncrementSteeringWindupCommandHandler
                0x00001010       0x2c ./Sources/Communication_c.obj
                0x00001010                IncrementSteeringWindupCommandHandler
 .text.DecrementSteeringKpCommandHandler
                0x0000103c       0x2c ./Sources/Communication_c.obj
                0x0000103c                DecrementSteeringKpCommandHandler
 .text.DecrementSteeringKiCommandHandler
                0x00001068       0x2c ./Sources/Communication_c.obj
                0x00001068                DecrementSteeringKiCommandHandler
 .text.DecrementSteeringKdCommandHandler
                0x00001094       0x2c ./Sources/Communication_c.obj
                0x00001094                DecrementSteeringKdCommandHandler
 .text.DecrementSteeringWindupCommandHandler
                0x000010c0       0x2c ./Sources/Communication_c.obj
                0x000010c0                DecrementSteeringWindupCommandHandler
 .text.GetCameraDataPacketHandler
                0x000010ec       0x38 ./Sources/Communication_c.obj
                0x000010ec                GetCameraDataPacketHandler
 .text.GetOdometryTotalDistancePacketHandler
                0x00001124       0x50 ./Sources/Communication_c.obj
                0x00001124                GetOdometryTotalDistancePacketHandler
 .text.GetAccelerometerDataPacketHandler
                0x00001174       0x74 ./Sources/Communication_c.obj
                0x00001174                GetAccelerometerDataPacketHandler
 .text.GetConvolutionResultPacketHandler
                0x000011e8       0x30 ./Sources/Communication_c.obj
                0x000011e8                GetConvolutionResultPacketHandler
 .text.SetBothMotorSpeedCommandHandler
                0x00001218       0x14 ./Sources/Communication_c.obj
                0x00001218                SetBothMotorSpeedCommandHandler
 .text.SetServoCenterCommandHandler
                0x0000122c       0x40 ./Sources/Communication_c.obj
                0x0000122c                SetServoCenterCommandHandler
 .text.SetControllerKpCommandHandler
                0x0000126c       0x40 ./Sources/Communication_c.obj
                0x0000126c                SetControllerKpCommandHandler
 .text.SetControllerKiCommandHandler
                0x000012ac       0x40 ./Sources/Communication_c.obj
                0x000012ac                SetControllerKiCommandHandler
 .text.SetControllerKdCommandHandler
                0x000012ec       0x40 ./Sources/Communication_c.obj
                0x000012ec                SetControllerKdCommandHandler
 .text.SetControllerDesiredSpeedCommandHandler
                0x0000132c       0x40 ./Sources/Communication_c.obj
                0x0000132c                SetControllerDesiredSpeedCommandHandler
 .text.SetAntiWindupLevelCommandHandler
                0x0000136c       0x40 ./Sources/Communication_c.obj
                0x0000136c                SetAntiWindupLevelCommandHandler
 .text.ControllerInit
                0x000013ac       0x44 ./Sources/Controller_c.obj
                0x000013ac                ControllerInit
 .text.ControllerMain
                0x000013f0       0xd8 ./Sources/Controller_c.obj
                0x000013f0                ControllerMain
 .text.OdometryTimer_OnCounterRestart
                0x000014c8       0x58 ./Sources/Events_c.obj
                0x000014c8                OdometryTimer_OnCounterRestart
 .text.PWMMotor_OnCounterRestart
                0x00001520       0x14 ./Sources/Events_c.obj
                0x00001520                PWMMotor_OnCounterRestart
 .text.OdometryGPIO_OnPortEvent
                0x00001534       0x5c ./Sources/Events_c.obj
                0x00001534                OdometryGPIO_OnPortEvent
 .text.Period_OnCounterRestart
                0x00001590       0x14 ./Sources/Events_c.obj
                0x00001590                Period_OnCounterRestart
 .text.AS1_OnBlockReceived
                0x000015a4       0x38 ./Sources/Events_c.obj
                0x000015a4                AS1_OnBlockReceived
 .text.AS1_OnBlockSent
                0x000015dc       0x14 ./Sources/Events_c.obj
                0x000015dc                AS1_OnBlockSent
 .text.I2C2_OnMasterBlockSent
                0x000015f0       0x20 ./Sources/Events_c.obj
                0x000015f0                I2C2_OnMasterBlockSent
 .text.I2C2_OnMasterBlockReceived
                0x00001610       0x20 ./Sources/Events_c.obj
                0x00001610                I2C2_OnMasterBlockReceived
 .text.I2C2_OnError
                0x00001630       0x14 ./Sources/Events_c.obj
                0x00001630                I2C2_OnError
 .text.GPIO3_OnPortEvent
                0x00001644       0xa4 ./Sources/Events_c.obj
                0x00001644                GPIO3_OnPortEvent
 .text.CameraTimer_OnCounterRestart
                0x000016e8       0x48 ./Sources/Events_c.obj
                0x000016e8                CameraTimer_OnCounterRestart
 .text.CameraTimer_OnChannel0
                0x00001730       0x60 ./Sources/Events_c.obj
                0x00001730                CameraTimer_OnChannel0
 .text.AD1_OnMeasurementComplete
                0x00001790       0xc4 ./Sources/Events_c.obj
                0x00001790                AD1_OnMeasurementComplete
 .text.CameraTimer_OnChannel1
                0x00001854       0x28 ./Sources/Events_c.obj
                0x00001854                CameraTimer_OnChannel1
 .text.Cpu_OnNMIINT0
                0x0000187c        0xc ./Sources/Events_c.obj
                0x0000187c                Cpu_OnNMIINT0
 .text.MapInit  0x00001888       0x7c ./Sources/Map_c.obj
                0x00001888                MapInit
 .text.MapMain  0x00001904       0x88 ./Sources/Map_c.obj
                0x00001904                MapMain
 .text.OdometryInit
                0x0000198c       0x2c ./Sources/Odometry_c.obj
                0x0000198c                OdometryInit
 .text.main     0x000019b8      0x2f8 ./Sources/ProcessorExpert_c.obj
                0x000019b8                main
 .text.SetServoPosition
                0x00001cb0       0x50 ./Sources/Steering_c.obj
                0x00001cb0                SetServoPosition
 .text.SteeringInit
                0x00001d00       0x4c ./Sources/Steering_c.obj
                0x00001d00                SteeringInit
 .text.SteeringControll
                0x00001d4c       0xa0 ./Sources/Steering_c.obj
                0x00001d4c                SteeringControll
 .text._ExitProcess
                0x00001dec        0xc ./Project_Settings/Startup_Code/__arm_end_c.obj
                0x00001dec                _ExitProcess
 .text.zero_fill_bss
                0x00001df8       0x34 ./Project_Settings/Startup_Code/__arm_start_c.obj
 .text.__thumb_startup
                0x00001e2c       0x30 ./Project_Settings/Startup_Code/__arm_start_c.obj
                0x00001e2c                __thumb_startup
 .text.AD1_Init
                0x00001e5c      0x170 ./Generated_Code/AD1_c.obj
                0x00001e5c                AD1_Init
 .text.AD1_StartLoopTriggeredMeasurement
                0x00001fcc       0x70 ./Generated_Code/AD1_c.obj
                0x00001fcc                AD1_StartLoopTriggeredMeasurement
 .text.AD1_SelectSampleGroup
                0x0000203c       0x68 ./Generated_Code/AD1_c.obj
                0x0000203c                AD1_SelectSampleGroup
 .text.AD1_GetMeasuredValues
                0x000020a4       0x54 ./Generated_Code/AD1_c.obj
                0x000020a4                AD1_GetMeasuredValues
 .text.AD1_MeasurementCompleteInterrupt
                0x000020f8       0x3c ./Generated_Code/AD1_c.obj
                0x000020f8                AD1_MeasurementCompleteInterrupt
 .text.AS1_Init
                0x00002134      0x2a4 ./Generated_Code/AS1_c.obj
                0x00002134                AS1_Init
 .text.AS1_ReceiveBlock
                0x000023d8       0xb8 ./Generated_Code/AS1_c.obj
                0x000023d8                AS1_ReceiveBlock
 .text.AS1_SendBlock
                0x00002490       0xf8 ./Generated_Code/AS1_c.obj
                0x00002490                AS1_SendBlock
 .text.InterruptRx
                0x00002588       0x64 ./Generated_Code/AS1_c.obj
 .text.InterruptTx
                0x000025ec       0xa4 ./Generated_Code/AS1_c.obj
 .text.AS1_Interrupt
                0x00002690       0x80 ./Generated_Code/AS1_c.obj
                0x00002690                AS1_Interrupt
 .text.CameraTimer_Init
                0x00002710      0x160 ./Generated_Code/CameraTimer_c.obj
                0x00002710                CameraTimer_Init
 .text.CameraTimer_Interrupt
                0x00002870      0x188 ./Generated_Code/CameraTimer_c.obj
                0x00002870                CameraTimer_Interrupt
 .text.Cpu_INT_NMIInterrupt
                0x000029f8       0x1c ./Generated_Code/Cpu_c.obj
                0x000029f8                Cpu_INT_NMIInterrupt
 .text.Cpu_Interrupt
                0x00002a14       0x18 ./Generated_Code/Cpu_c.obj
                0x00002a14                Cpu_Interrupt
 .text.__init_hardware
                0x00002a2c      0x314 ./Generated_Code/Cpu_c.obj
                0x00002a2c                __init_hardware
 .text.Cpu_SetBASEPRI
                0x00002d40       0x18 ./Generated_Code/Cpu_c.obj
                0x00002d40                Cpu_SetBASEPRI
 .text.PE_low_level_init
                0x00002d58      0x178 ./Generated_Code/Cpu_c.obj
                0x00002d58                PE_low_level_init
 .text.GPIO1_Init
                0x00002ed0       0xac ./Generated_Code/GPIO1_c.obj
                0x00002ed0                GPIO1_Init
 .text.GPIO1_SetFieldBits
                0x00002f7c       0x50 ./Generated_Code/GPIO1_c.obj
                0x00002f7c                GPIO1_SetFieldBits
 .text.GPIO2_Init
                0x00002fcc       0x88 ./Generated_Code/GPIO2_c.obj
                0x00002fcc                GPIO2_Init
 .text.GPIO3_Init
                0x00003054       0xcc ./Generated_Code/GPIO3_c.obj
                0x00003054                GPIO3_Init
 .text.GPIO3_Interrupt
                0x00003120       0x60 ./Generated_Code/GPIO3_c.obj
                0x00003120                GPIO3_Interrupt
 .text.I2C2_Interrupt
                0x00003180      0x39c ./Generated_Code/I2C2_c.obj
                0x00003180                I2C2_Interrupt
 .text.I2C2_Init
                0x0000351c      0x1d0 ./Generated_Code/I2C2_c.obj
                0x0000351c                I2C2_Init
 .text.I2C2_MasterSendBlock
                0x000036ec      0x1f8 ./Generated_Code/I2C2_c.obj
                0x000036ec                I2C2_MasterSendBlock
 .text.I2C2_MasterReceiveBlock
                0x000038e4      0x1f0 ./Generated_Code/I2C2_c.obj
                0x000038e4                I2C2_MasterReceiveBlock
 .text.I2C2_CheckBus
                0x00003ad4       0x40 ./Generated_Code/I2C2_c.obj
                0x00003ad4                I2C2_CheckBus
 .text.IO1_Init
                0x00003b14      0x20c ./Generated_Code/IO1_c.obj
                0x00003b14                IO1_Init
 .text.OdometryGPIO_Init
                0x00003d20       0xd0 ./Generated_Code/OdometryGPIO_c.obj
                0x00003d20                OdometryGPIO_Init
 .text.OdometryGPIO_Interrupt
                0x00003df0       0x60 ./Generated_Code/OdometryGPIO_c.obj
                0x00003df0                OdometryGPIO_Interrupt
 .text.OdometryTimer_Init
                0x00003e50       0xe0 ./Generated_Code/OdometryTimer_c.obj
                0x00003e50                OdometryTimer_Init
 .text.OdometryTimer_Interrupt
                0x00003f30       0x50 ./Generated_Code/OdometryTimer_c.obj
                0x00003f30                OdometryTimer_Interrupt
 .text.PWMMotor_Init
                0x00003f80      0x1d4 ./Generated_Code/PWMMotor_c.obj
                0x00003f80                PWMMotor_Init
 .text.PWMMotor_SetOffsetTicks
                0x00004154       0x74 ./Generated_Code/PWMMotor_c.obj
                0x00004154                PWMMotor_SetOffsetTicks
 .text.PWMMotor_Interrupt
                0x000041c8       0x80 ./Generated_Code/PWMMotor_c.obj
                0x000041c8                PWMMotor_Interrupt
 .text.Period_Init
                0x00004248       0xe0 ./Generated_Code/Period_c.obj
                0x00004248                Period_Init
 .text.Period_Interrupt
                0x00004328       0x50 ./Generated_Code/Period_c.obj
                0x00004328                Period_Interrupt
 .text.ServoTimer_Init
                0x00004378      0x108 ./Generated_Code/ServoTimer_c.obj
                0x00004378                ServoTimer_Init
 .text.ServoTimer_SetOffsetTicks
                0x00004480       0x74 ./Generated_Code/ServoTimer_c.obj
                0x00004480                ServoTimer_SetOffsetTicks
 .text.SiPin_Init
                0x000044f4       0x88 ./Generated_Code/SiPin_c.obj
                0x000044f4                SiPin_Init
 .text.SiPin_ClearFieldBits
                0x0000457c       0x34 ./Generated_Code/SiPin_c.obj
                0x0000457c                SiPin_ClearFieldBits
 .text.SiPin_SetFieldBits
                0x000045b0       0x34 ./Generated_Code/SiPin_c.obj
                0x000045b0                SiPin_SetFieldBits
 .text.sprintf  0x000045e4       0x1c C:/Freescale/CW MCU v10.3_121211/MCU/ARM_GCC_Support/ewl/lib/armv7e-m\libc.a(sprintf.o)
                0x000045e4                sprintf
 .text.__StringWrite
                0x00004600       0x28 C:/Freescale/CW MCU v10.3_121211/MCU/ARM_GCC_Support/ewl/lib/armv7e-m\libc.a(vsnprintf.o)
                0x00004600                __StringWrite
 .text.vsnprintf
                0x00004628       0x34 C:/Freescale/CW MCU v10.3_121211/MCU/ARM_GCC_Support/ewl/lib/armv7e-m\libc.a(vsnprintf.o)
                0x00004628                vsnprintf
 .text.strtol   0x0000465c       0x68 C:/Freescale/CW MCU v10.3_121211/MCU/ARM_GCC_Support/ewl/lib/armv7e-m\libc.a(atoi.o)
                0x0000465c                strtol
 .text.atoi     0x000046c4        0x8 C:/Freescale/CW MCU v10.3_121211/MCU/ARM_GCC_Support/ewl/lib/armv7e-m\libc.a(atoi.o)
                0x000046c4                atoi
 .text.exit     0x000046cc       0x38 C:/Freescale/CW MCU v10.3_121211/MCU/ARM_GCC_Support/ewl/lib/armv7e-m\libc.a(exit.o)
                0x000046cc                exit
 .text.memcmp   0x00004704       0x24 C:/Freescale/CW MCU v10.3_121211/MCU/ARM_GCC_Support/ewl/lib/armv7e-m\libc.a(memcmp.o)
                0x00004704                memcmp
 .text.memcpy   0x00004728       0x12 C:/Freescale/CW MCU v10.3_121211/MCU/ARM_GCC_Support/ewl/lib/armv7e-m\libc.a(memcpy.o)
                0x00004728                memcpy
 .text.memset   0x0000473a        0xc C:/Freescale/CW MCU v10.3_121211/MCU/ARM_GCC_Support/ewl/lib/armv7e-m\libc.a(memset.o)
                0x0000473a                memset
 .text.strlen   0x00004746       0x10 C:/Freescale/CW MCU v10.3_121211/MCU/ARM_GCC_Support/ewl/lib/armv7e-m\libc.a(strlen.o)
                0x00004746                strlen
 .text.long2str.isra.0
                0x00004756      0x196 C:/Freescale/CW MCU v10.3_121211/MCU/ARM_GCC_Support/ewl/lib/armv7e-m\libc.a(printformat_.o)
 .text.__pformatter_
                0x000048ec      0x3f8 C:/Freescale/CW MCU v10.3_121211/MCU/ARM_GCC_Support/ewl/lib/armv7e-m\libc.a(printformat_.o)
                0x000048ec                __pformatter_
 .text.__sformatter
                0x00004ce4      0x74e C:/Freescale/CW MCU v10.3_121211/MCU/ARM_GCC_Support/ewl/lib/armv7e-m\libc.a(scanformat_.o)
                0x00004ce4                __sformatter
 *fill*         0x00005432        0x2 00
 .text.isalpha  0x00005434       0x1c C:/Freescale/CW MCU v10.3_121211/MCU/ARM_GCC_Support/ewl/lib/armv7e-m\libc.a(ctype_aeabi.o)
                0x00005434                isalpha
 .text.isspace  0x00005450       0x1c C:/Freescale/CW MCU v10.3_121211/MCU/ARM_GCC_Support/ewl/lib/armv7e-m\libc.a(ctype_aeabi.o)
                0x00005450                isspace
 .text.toupper  0x0000546c        0xc C:/Freescale/CW MCU v10.3_121211/MCU/ARM_GCC_Support/ewl/lib/armv7e-m\libc.a(ctype_aeabi.o)
                0x0000546c                toupper
 .text.__StringRead
                0x00005478       0x3c C:/Freescale/CW MCU v10.3_121211/MCU/ARM_GCC_Support/ewl/lib/armv7e-m\libc.a(vsscanf.o)
                0x00005478                __StringRead
 .text.__strtoul
                0x000054b4      0x1dc C:/Freescale/CW MCU v10.3_121211/MCU/ARM_GCC_Support/ewl/lib/armv7e-m\libc.a(__strtoul.o)
                0x000054b4                __strtoul
 .text.__fill_mem
                0x00005690       0x76 C:/Freescale/CW MCU v10.3_121211/MCU/ARM_GCC_Support/ewl/lib/armv7e-m\libc.a(__filll_mem.o)
                0x00005690                __fill_mem
 .text.memchr   0x00005706       0x1a C:/Freescale/CW MCU v10.3_121211/MCU/ARM_GCC_Support/ewl/lib/armv7e-m\libc.a(memchr.o)
                0x00005706                memchr
 .text.strchr   0x00005720       0x1c C:/Freescale/CW MCU v10.3_121211/MCU/ARM_GCC_Support/ewl/lib/armv7e-m\libc.a(strchr.o)
                0x00005720                strchr
 .text.__init_cpp
                0x0000573c       0x4c C:/Freescale/CW MCU v10.3_121211/MCU/ARM_GCC_Support/ewl/lib/armv7e-m\librt.a(gcc_ctor_dtor.o)
                0x0000573c                __init_cpp
 .text.__fini_cpp
                0x00005788       0x34 C:/Freescale/CW MCU v10.3_121211/MCU/ARM_GCC_Support/ewl/lib/armv7e-m\librt.a(gcc_ctor_dtor.o)
                0x00005788                __fini_cpp
 .text.__copy_rom_section
                0x000057bc       0x44 C:/Freescale/CW MCU v10.3_121211/MCU/ARM_GCC_Support/ewl/lib/armv7e-m\librt.a(ROMCopy.o)
                0x000057bc                __copy_rom_section
 .text.__copy_rom_sections_to_ram
                0x00005800       0x34 C:/Freescale/CW MCU v10.3_121211/MCU/ARM_GCC_Support/ewl/lib/armv7e-m\librt.a(ROMCopy.o)
                0x00005800                __copy_rom_sections_to_ram
 .text.__destroy_global_chain
                0x00005834       0x1c C:/Freescale/CW MCU v10.3_121211/MCU/ARM_GCC_Support/ewl/lib/armv7e-m\librt.a(__arm_eabi_init.o)
                0x00005834                __destroy_global_chain
 .text.__init_registers
                0x00005850       0x20 C:/Freescale/CW MCU v10.3_121211/MCU/ARM_GCC_Support/ewl/lib/armv7e-m\librt.a(__arm_eabi_init.o)
                0x00005850                __init_registers
 .text.__init_user
                0x00005870        0x4 C:/Freescale/CW MCU v10.3_121211/MCU/ARM_GCC_Support/ewl/lib/armv7e-m\librt.a(__arm_eabi_init.o)
                0x00005870                __init_user
 *(.rodata)
 .rodata        0x00005874       0x38 ./Sources/Communication_c.obj
 .rodata        0x000058ac        0x4 ./Sources/ProcessorExpert_c.obj
 *(.rodata*)
 .rodata.StaticSampleGroups
                0x000058b0        0x4 ./Generated_Code/AD1_c.obj
 .rodata.ChannelDevice
                0x000058b4        0x4 ./Generated_Code/CameraTimer_c.obj
 .rodata.ChannelDevice
                0x000058b8        0x4 ./Generated_Code/PWMMotor_c.obj
 .rodata.ChannelMode
                0x000058bc        0x4 ./Generated_Code/PWMMotor_c.obj
 .rodata.ChannelDevice
                0x000058c0        0x4 ./Generated_Code/ServoTimer_c.obj
 .rodata.ChannelMode
                0x000058c4        0x4 ./Generated_Code/ServoTimer_c.obj
 .rodata.str1.1
                0x000058c8        0x1 C:/Freescale/CW MCU v10.3_121211/MCU/ARM_GCC_Support/ewl/lib/armv7e-m\libc.a(printformat_.o)
 .rodata.__aeabi_ctype_table_C
                0x000058c9      0x101 C:/Freescale/CW MCU v10.3_121211/MCU/ARM_GCC_Support/ewl/lib/armv7e-m\libc.a(ctype_aeabi.o)
                0x000058c9                __aeabi_ctype_table_C
 *(.glue_7)
 .glue_7        0x00000000        0x0 linker stubs
 *(.glue_7t)
 .glue_7t       0x00000000        0x0 linker stubs
 *(.eh_frame)
 *(.init)
 *(.fini)
                0x000059cc                . = ALIGN (0x4)
 *fill*         0x000059ca        0x2 00
                0x000059cc                _etext = .

.vfp11_veneer   0x000059cc        0x0
 .vfp11_veneer  0x00000000        0x0 linker stubs

.v4_bx          0x000059cc        0x0
 .v4_bx         0x00000000        0x0 linker stubs

.ARM.extab
 *(.ARM.extab* .gnu.linkonce.armextab.*)

.ARM            0x000059cc        0x0
                0x000059cc                __exidx_start = .
 *(.ARM.exidx*)
                0x000059cc                __exidx_end = .

.ctors          0x000059cc        0x0
                0x000059cc                __CTOR_LIST__ = .
 *crtbegin.o(.ctors)
 *(EXCLUDE_FILE(*crtend.o) .ctors)
 *(SORT(.ctors.*))
 *(.ctors)
                0x000059cc                __CTOR_END__ = .

.dtors          0x000059cc        0x0
                0x000059cc                __DTOR_LIST__ = .
 *crtbegin.o(.dtors)
 *(EXCLUDE_FILE(*crtend.o) .dtors)
 *(SORT(.dtors.*))
 *(.dtors)
                0x000059cc                __DTOR_END__ = .

.preinit_array  0x000059cc        0x0
                0x000059cc                PROVIDE (__preinit_array_start, .)
 *(.preinit_array*)
                0x000059cc                PROVIDE (__preinit_array_end, .)

.init_array     0x000059cc        0x0
                0x000059cc                PROVIDE (__init_array_start, .)
 *(SORT(.init_array.*))
 *(.init_array*)
                0x000059cc                PROVIDE (__init_array_end, .)

.fini_array     0x000059cc        0x0
                0x000059cc                PROVIDE (__fini_array_start, .)
 *(SORT(.fini_array.*))
 *(.fini_array*)
                0x000059cc                PROVIDE (__fini_array_end, .)
                0x000059cc                ___ROM_AT = .

.data           0x1fff8000       0xf0 load address 0x000059cc
                0x1fff8000                . = ALIGN (0x4)
                0x1fff8000                _sdata = .
 *(.data)
 *(.data*)
 .data.SetBothMotorSpeedPacket
                0x1fff8000        0xc ./Sources/Communication_c.obj
                0x1fff8000                SetBothMotorSpeedPacket
 .data.SetControllerKpPacket
                0x1fff800c        0xc ./Sources/Communication_c.obj
                0x1fff800c                SetControllerKpPacket
 .data.SetControllerKiPacket
                0x1fff8018        0xc ./Sources/Communication_c.obj
                0x1fff8018                SetControllerKiPacket
 .data.SetControllerKdPacket
                0x1fff8024        0xc ./Sources/Communication_c.obj
                0x1fff8024                SetControllerKdPacket
 .data.SetControllerDesiredSpeedPacket
                0x1fff8030        0xc ./Sources/Communication_c.obj
                0x1fff8030                SetControllerDesiredSpeedPacket
 .data.SetAntiWindupLevelPacket
                0x1fff803c        0xc ./Sources/Communication_c.obj
                0x1fff803c                SetAntiWindupLevelPacket
 .data.GetSteeringControllerConstantsPacket
                0x1fff8048        0xc ./Sources/Communication_c.obj
                0x1fff8048                GetSteeringControllerConstantsPacket
 .data.IncrementSteeringKpPacket
                0x1fff8054        0xc ./Sources/Communication_c.obj
                0x1fff8054                IncrementSteeringKpPacket
 .data.IncrementSteeringKiPacket
                0x1fff8060        0xc ./Sources/Communication_c.obj
                0x1fff8060                IncrementSteeringKiPacket
 .data.IncrementSteeringKdPacket
                0x1fff806c        0xc ./Sources/Communication_c.obj
                0x1fff806c                IncrementSteeringKdPacket
 .data.IncrementSteeringWindupPacket
                0x1fff8078        0xc ./Sources/Communication_c.obj
                0x1fff8078                IncrementSteeringWindupPacket
 .data.DecrementSteeringKpPacket
                0x1fff8084        0xc ./Sources/Communication_c.obj
                0x1fff8084                DecrementSteeringKpPacket
 .data.DecrementSteeringKiPacket
                0x1fff8090        0xc ./Sources/Communication_c.obj
                0x1fff8090                DecrementSteeringKiPacket
 .data.DecrementSteeringKdPacket
                0x1fff809c        0xc ./Sources/Communication_c.obj
                0x1fff809c                DecrementSteeringKdPacket
 .data.DecrementSteeringWindupPacket
                0x1fff80a8        0xc ./Sources/Communication_c.obj
                0x1fff80a8                DecrementSteeringWindupPacket
 .data.SetServoCenterPacket
                0x1fff80b4        0xc ./Sources/Communication_c.obj
                0x1fff80b4                SetServoCenterPacket
 .data.GetCameraDataPacket
                0x1fff80c0        0xc ./Sources/Communication_c.obj
                0x1fff80c0                GetCameraDataPacket
 .data.GetAccelerometerDataPacket
                0x1fff80cc        0xc ./Sources/Communication_c.obj
                0x1fff80cc                GetAccelerometerDataPacket
 .data.GetOdometryTotalDistancePacket
                0x1fff80d8        0xc ./Sources/Communication_c.obj
                0x1fff80d8                GetOdometryTotalDistancePacket
 .data.GetConvolutionResultPacket
                0x1fff80e4        0xc ./Sources/Communication_c.obj
                0x1fff80e4                GetConvolutionResultPacket
                0x1fff80f0                . = ALIGN (0x4)
                0x1fff80f0                _edata = .
                0x000000f0                ___data_size = (_edata - _sdata)
                0x00005abc                ___m_data_20000000_ROMStart = (___ROM_AT + SIZEOF (.data))

.m_data_20000000
                0x20000000        0x0 load address 0x00005abc
                0x20000000                . = ALIGN (0x4)
                0x20000000                ___m_data_20000000_RAMStart = .
 *(.m_data_20000000)
                0x20000000                ___m_data_20000000_RAMEnd = .
                0x20000000                . = ALIGN (0x4)
                0x00000000                ___m_data_20000000_ROMSize = (___m_data_20000000_RAMEnd - ___m_data_20000000_RAMStart)
                0x20000000                . = ALIGN (0x4)

.bss            0x1fff80f0     0x3388 load address 0x00005abc
                0x1fff80f0                __START_BSS = .
                0x1fff80f0                __bss_start__ = __START_BSS
 *(.bss)
 *(.bss*)
 .bss.argv      0x1fff80f0        0x4 ./Project_Settings/Startup_Code/__arm_start_c.obj
 .bss.DeviceDataPrv__DEFAULT_RTOS_ALLOC
                0x1fff80f4        0x8 ./Generated_Code/AD1_c.obj
 .bss.INT_ADC0__DEFAULT_RTOS_ISRPARAM
                0x1fff80fc        0x4 ./Generated_Code/AD1_c.obj
 .bss.DeviceDataPrv__DEFAULT_RTOS_ALLOC
                0x1fff8100       0x18 ./Generated_Code/AS1_c.obj
 .bss.INT_UART3_RX_TX__DEFAULT_RTOS_ISRPARAM
                0x1fff8118        0x4 ./Generated_Code/AS1_c.obj
 .bss.INT_UART3_ERR__DEFAULT_RTOS_ISRPARAM
                0x1fff811c        0x4 ./Generated_Code/AS1_c.obj
 .bss.DeviceDataPrv__DEFAULT_RTOS_ALLOC
                0x1fff8120        0x8 ./Generated_Code/CameraTimer_c.obj
 .bss.INT_FTM1__DEFAULT_RTOS_ISRPARAM
                0x1fff8128        0x4 ./Generated_Code/CameraTimer_c.obj
 .bss.SR_lock   0x1fff812c        0x1 ./Generated_Code/Cpu_c.obj
                0x1fff812c                SR_lock
 *fill*         0x1fff812d        0x3 00
 .bss.DeviceDataPrv__DEFAULT_RTOS_ALLOC
                0x1fff8130        0x4 ./Generated_Code/GPIO1_c.obj
 .bss.DeviceDataPrv__DEFAULT_RTOS_ALLOC
                0x1fff8134        0x4 ./Generated_Code/GPIO2_c.obj
 .bss.DeviceDataPrv__DEFAULT_RTOS_ALLOC
                0x1fff8138        0x8 ./Generated_Code/GPIO3_c.obj
 .bss.INT_PORTA__DEFAULT_RTOS_ISRPARAM
                0x1fff8140        0x4 ./Generated_Code/GPIO3_c.obj
 .bss.DeviceDataPrv__DEFAULT_RTOS_ALLOC
                0x1fff8144       0x18 ./Generated_Code/I2C2_c.obj
 .bss.INT_I2C1__DEFAULT_RTOS_ISRPARAM
                0x1fff815c        0x4 ./Generated_Code/I2C2_c.obj
 .bss.DeviceDataPrv__DEFAULT_RTOS_ALLOC
                0x1fff8160       0x18 ./Generated_Code/IO1_c.obj
 .bss.DeviceDataPrv__DEFAULT_RTOS_ALLOC
                0x1fff8178        0x8 ./Generated_Code/OdometryGPIO_c.obj
 .bss.INT_PORTD__DEFAULT_RTOS_ISRPARAM
                0x1fff8180        0x4 ./Generated_Code/OdometryGPIO_c.obj
 .bss.DeviceDataPrv__DEFAULT_RTOS_ALLOC
                0x1fff8184        0x4 ./Generated_Code/OdometryTimer_c.obj
 .bss.INT_PIT0__DEFAULT_RTOS_ISRPARAM
                0x1fff8188        0x4 ./Generated_Code/OdometryTimer_c.obj
 .bss.PE_LDD_DeviceDataList
                0x1fff818c       0x3c ./Generated_Code/PE_LDD_c.obj
                0x1fff818c                PE_LDD_DeviceDataList
 .bss.DeviceDataPrv__DEFAULT_RTOS_ALLOC
                0x1fff81c8        0x8 ./Generated_Code/PWMMotor_c.obj
 .bss.INT_FTM0__DEFAULT_RTOS_ISRPARAM
                0x1fff81d0        0x4 ./Generated_Code/PWMMotor_c.obj
 .bss.DeviceDataPrv__DEFAULT_RTOS_ALLOC
                0x1fff81d4        0x4 ./Generated_Code/Period_c.obj
 .bss.INT_PIT1__DEFAULT_RTOS_ISRPARAM
                0x1fff81d8        0x4 ./Generated_Code/Period_c.obj
 .bss.DeviceDataPrv__DEFAULT_RTOS_ALLOC
                0x1fff81dc        0x4 ./Generated_Code/ServoTimer_c.obj
 .bss.DeviceDataPrv__DEFAULT_RTOS_ALLOC
                0x1fff81e0        0x4 ./Generated_Code/SiPin_c.obj
 .bss.__stdio_exit
                0x1fff81e4        0x4 C:/Freescale/CW MCU v10.3_121211/MCU/ARM_GCC_Support/ewl/lib/armv7e-m\libc.a(exit.o)
                0x1fff81e4                __stdio_exit
 .bss.__console_exit
                0x1fff81e8        0x4 C:/Freescale/CW MCU v10.3_121211/MCU/ARM_GCC_Support/ewl/lib/armv7e-m\libc.a(exit.o)
                0x1fff81e8                __console_exit
 .bss.__S_romp  0x1fff81ec        0xc C:/Freescale/CW MCU v10.3_121211/MCU/ARM_GCC_Support/ewl/lib/armv7e-m\librt.a(ROMCopy.o)
 .bss.__global_destructor_chain
                0x1fff81f8        0x4 C:/Freescale/CW MCU v10.3_121211/MCU/ARM_GCC_Support/ewl/lib/armv7e-m\librt.a(__arm_eabi_init.o)
                0x1fff81f8                __global_destructor_chain
 *(COMMON)
 COMMON         0x1fff81fc     0x3274 ./Sources/ProcessorExpert_c.obj
                0x1fff81fc                Map
                0x1fffa90c                Accelerometer
                0x1fffa92c                Communication
                0x1fffad3c                Steering
                0x1fffad70                Odometry
                0x1fffad98                Camera
                0x1fffb448                Controller
 COMMON         0x1fffb470        0x1 ./Generated_Code/Cpu_c.obj
                0x1fffb470                SR_reg
 *fill*         0x1fffb471        0x3 00
 COMMON         0x1fffb474        0x4 C:/Freescale/CW MCU v10.3_121211/MCU/ARM_GCC_Support/ewl/lib/armv7e-m\libc.a(errno.o)
                0x1fffb474                errno
                0x1fffb478                . = ALIGN (0x4)
                0x1fffb478                __END_BSS = .
                0x1fffb478                __bss_end__ = __END_BSS

._user_heap_stack
                0x1fffb478      0x400 load address 0x00008e44
                0x1fffb478                . = ALIGN (0x4)
                0x1fffb478                PROVIDE (end, .)
                0x1fffb478                PROVIDE (_end, .)
                0x1fffb478                __heap_addr = .
                0x1fffb478                . = (. + __heap_size)
                0x1fffb878                . = (. + __stack_size)
 *fill*         0x1fffb478      0x400 00
                0x1fffb878                . = ALIGN (0x4)
                0x00005abc                _romp_at = ((___ROM_AT + SIZEOF (.data)) + SIZEOF (.m_data_20000000))

.romp           0x1fffb878       0x24 load address 0x00005abc
                0x00005abc                __S_romp = _romp_at
                0x1fffb878        0x4 LONG 0x59cc ___ROM_AT
                0x1fffb87c        0x4 LONG 0x1fff8000 _sdata
                0x1fffb880        0x4 LONG 0xf0 ___data_size
                0x1fffb884        0x4 LONG 0x5abc ___m_data_20000000_ROMStart
                0x1fffb888        0x4 LONG 0x20000000 ___m_data_20000000_RAMStart
                0x1fffb88c        0x4 LONG 0x0 ___m_data_20000000_ROMSize
                0x1fffb890        0x4 LONG 0x0
                0x1fffb894        0x4 LONG 0x0
                0x1fffb898        0x4 LONG 0x0

.ARM.attributes
                0x00000000       0x33
 *(.ARM.attributes)
 .ARM.attributes
                0x00000000       0x33 ./Sources/Accelerometer_c.obj
 .ARM.attributes
                0x00000033       0x33 ./Sources/Camera_c.obj
 .ARM.attributes
                0x00000066       0x33 ./Sources/Communication_c.obj
 .ARM.attributes
                0x00000099       0x33 ./Sources/Controller_c.obj
 .ARM.attributes
                0x000000cc       0x33 ./Sources/Events_c.obj
 .ARM.attributes
                0x000000ff       0x33 ./Sources/Map_c.obj
 .ARM.attributes
                0x00000132       0x33 ./Sources/Odometry_c.obj
 .ARM.attributes
                0x00000165       0x33 ./Sources/ProcessorExpert_c.obj
 .ARM.attributes
                0x00000198       0x33 ./Sources/Steering_c.obj
 .ARM.attributes
                0x000001cb       0x33 ./Project_Settings/Startup_Code/__arm_end_c.obj
 .ARM.attributes
                0x000001fe       0x33 ./Project_Settings/Startup_Code/__arm_start_c.obj
 .ARM.attributes
                0x00000231       0x33 ./Generated_Code/AD1_c.obj
 .ARM.attributes
                0x00000264       0x33 ./Generated_Code/AS1_c.obj
 .ARM.attributes
                0x00000297       0x33 ./Generated_Code/CameraTimer_c.obj
 .ARM.attributes
                0x000002ca       0x33 ./Generated_Code/Cpu_c.obj
 .ARM.attributes
                0x000002fd       0x33 ./Generated_Code/GPIO1_c.obj
 .ARM.attributes
                0x00000330       0x33 ./Generated_Code/GPIO2_c.obj
 .ARM.attributes
                0x00000363       0x33 ./Generated_Code/GPIO3_c.obj
 .ARM.attributes
                0x00000396       0x33 ./Generated_Code/I2C2_c.obj
 .ARM.attributes
                0x000003c9       0x33 ./Generated_Code/IO1_c.obj
 .ARM.attributes
                0x000003fc       0x33 ./Generated_Code/OdometryGPIO_c.obj
 .ARM.attributes
                0x0000042f       0x33 ./Generated_Code/OdometryTimer_c.obj
 .ARM.attributes
                0x00000462       0x33 ./Generated_Code/PE_LDD_c.obj
 .ARM.attributes
                0x00000495       0x33 ./Generated_Code/PWMMotor_c.obj
 .ARM.attributes
                0x000004c8       0x33 ./Generated_Code/Period_c.obj
 .ARM.attributes
                0x000004fb       0x33 ./Generated_Code/ServoTimer_c.obj
 .ARM.attributes
                0x0000052e       0x33 ./Generated_Code/SiPin_c.obj
 .ARM.attributes
                0x00000561       0x33 ./Generated_Code/Vectors_c.obj
 .ARM.attributes
                0x00000594       0x33 C:/Freescale/CW MCU v10.3_121211/MCU/ARM_GCC_Support/ewl/lib/armv7e-m\libc.a(sprintf.o)
 .ARM.attributes
                0x000005c7       0x33 C:/Freescale/CW MCU v10.3_121211/MCU/ARM_GCC_Support/ewl/lib/armv7e-m\libc.a(vsnprintf.o)
 .ARM.attributes
                0x000005fa       0x33 C:/Freescale/CW MCU v10.3_121211/MCU/ARM_GCC_Support/ewl/lib/armv7e-m\libc.a(atoi.o)
 .ARM.attributes
                0x0000062d       0x33 C:/Freescale/CW MCU v10.3_121211/MCU/ARM_GCC_Support/ewl/lib/armv7e-m\libc.a(exit.o)
 .ARM.attributes
                0x00000660       0x33 C:/Freescale/CW MCU v10.3_121211/MCU/ARM_GCC_Support/ewl/lib/armv7e-m\libc.a(memcmp.o)
 .ARM.attributes
                0x00000693       0x33 C:/Freescale/CW MCU v10.3_121211/MCU/ARM_GCC_Support/ewl/lib/armv7e-m\libc.a(memcpy.o)
 .ARM.attributes
                0x000006c6       0x33 C:/Freescale/CW MCU v10.3_121211/MCU/ARM_GCC_Support/ewl/lib/armv7e-m\libc.a(memset.o)
 .ARM.attributes
                0x000006f9       0x33 C:/Freescale/CW MCU v10.3_121211/MCU/ARM_GCC_Support/ewl/lib/armv7e-m\libc.a(strlen.o)
 .ARM.attributes
                0x0000072c       0x33 C:/Freescale/CW MCU v10.3_121211/MCU/ARM_GCC_Support/ewl/lib/armv7e-m\libc.a(printformat_.o)
 .ARM.attributes
                0x0000075f       0x33 C:/Freescale/CW MCU v10.3_121211/MCU/ARM_GCC_Support/ewl/lib/armv7e-m\libc.a(scanformat_.o)
 .ARM.attributes
                0x00000792       0x33 C:/Freescale/CW MCU v10.3_121211/MCU/ARM_GCC_Support/ewl/lib/armv7e-m\libc.a(ctype_aeabi.o)
 .ARM.attributes
                0x000007c5       0x33 C:/Freescale/CW MCU v10.3_121211/MCU/ARM_GCC_Support/ewl/lib/armv7e-m\libc.a(errno.o)
 .ARM.attributes
                0x000007f8       0x33 C:/Freescale/CW MCU v10.3_121211/MCU/ARM_GCC_Support/ewl/lib/armv7e-m\libc.a(vsscanf.o)
 .ARM.attributes
                0x0000082b       0x33 C:/Freescale/CW MCU v10.3_121211/MCU/ARM_GCC_Support/ewl/lib/armv7e-m\libc.a(__strtoul.o)
 .ARM.attributes
                0x0000085e       0x33 C:/Freescale/CW MCU v10.3_121211/MCU/ARM_GCC_Support/ewl/lib/armv7e-m\libc.a(__filll_mem.o)
 .ARM.attributes
                0x00000891       0x33 C:/Freescale/CW MCU v10.3_121211/MCU/ARM_GCC_Support/ewl/lib/armv7e-m\libc.a(memchr.o)
 .ARM.attributes
                0x000008c4       0x33 C:/Freescale/CW MCU v10.3_121211/MCU/ARM_GCC_Support/ewl/lib/armv7e-m\libc.a(strchr.o)
 .ARM.attributes
                0x000008f7       0x33 C:/Freescale/CW MCU v10.3_121211/MCU/ARM_GCC_Support/ewl/lib/armv7e-m\librt.a(gcc_ctor_dtor.o)
 .ARM.attributes
                0x0000092a       0x33 C:/Freescale/CW MCU v10.3_121211/MCU/ARM_GCC_Support/ewl/lib/armv7e-m\librt.a(ROMCopy.o)
 .ARM.attributes
                0x0000095d       0x33 C:/Freescale/CW MCU v10.3_121211/MCU/ARM_GCC_Support/ewl/lib/armv7e-m\librt.a(__arm_eabi_init.o)
OUTPUT(Pex.elf elf32-littlearm)

.debug_info     0x00000000     0xccae
 .debug_info    0x00000000      0x22e ./Sources/Accelerometer_c.obj
 .debug_info    0x0000022e      0x354 ./Sources/Camera_c.obj
 .debug_info    0x00000582      0xe95 ./Sources/Communication_c.obj
 .debug_info    0x00001417      0x1c0 ./Sources/Controller_c.obj
 .debug_info    0x000015d7      0x846 ./Sources/Events_c.obj
 .debug_info    0x00001e1d      0x356 ./Sources/Map_c.obj
 .debug_info    0x00002173      0x14d ./Sources/Odometry_c.obj
 .debug_info    0x000022c0      0xad5 ./Sources/ProcessorExpert_c.obj
 .debug_info    0x00002d95      0x237 ./Sources/Steering_c.obj
 .debug_info    0x00002fcc       0x5c ./Project_Settings/Startup_Code/__arm_end_c.obj
 .debug_info    0x00003028      0x138 ./Project_Settings/Startup_Code/__arm_start_c.obj
 .debug_info    0x00003160      0xa25 ./Generated_Code/AD1_c.obj
 .debug_info    0x00003b85      0xa72 ./Generated_Code/AS1_c.obj
 .debug_info    0x000045f7      0x7f5 ./Generated_Code/CameraTimer_c.obj
 .debug_info    0x00004dec      0xb1d ./Generated_Code/Cpu_c.obj
 .debug_info    0x00005909      0x528 ./Generated_Code/GPIO1_c.obj
 .debug_info    0x00005e31      0x524 ./Generated_Code/GPIO2_c.obj
 .debug_info    0x00006355      0x6e5 ./Generated_Code/GPIO3_c.obj
 .debug_info    0x00006a3a      0xa00 ./Generated_Code/I2C2_c.obj
 .debug_info    0x0000743a      0x750 ./Generated_Code/IO1_c.obj
 .debug_info    0x00007b8a      0x6e5 ./Generated_Code/OdometryGPIO_c.obj
 .debug_info    0x0000826f      0x62e ./Generated_Code/OdometryTimer_c.obj
 .debug_info    0x0000889d      0x256 ./Generated_Code/PE_LDD_c.obj
 .debug_info    0x00008af3      0x87b ./Generated_Code/PWMMotor_c.obj
 .debug_info    0x0000936e      0x5b3 ./Generated_Code/Period_c.obj
 .debug_info    0x00009921      0x6b5 ./Generated_Code/ServoTimer_c.obj
 .debug_info    0x00009fd6      0x524 ./Generated_Code/SiPin_c.obj
 .debug_info    0x0000a4fa      0x11a ./Generated_Code/Vectors_c.obj
 .debug_info    0x0000a614      0x11f C:/Freescale/CW MCU v10.3_121211/MCU/ARM_GCC_Support/ewl/lib/armv7e-m\libc.a(sprintf.o)
 .debug_info    0x0000a733      0x206 C:/Freescale/CW MCU v10.3_121211/MCU/ARM_GCC_Support/ewl/lib/armv7e-m\libc.a(vsnprintf.o)
 .debug_info    0x0000a939      0x22f C:/Freescale/CW MCU v10.3_121211/MCU/ARM_GCC_Support/ewl/lib/armv7e-m\libc.a(atoi.o)
 .debug_info    0x0000ab68      0x103 C:/Freescale/CW MCU v10.3_121211/MCU/ARM_GCC_Support/ewl/lib/armv7e-m\libc.a(exit.o)
 .debug_info    0x0000ac6b      0x11a C:/Freescale/CW MCU v10.3_121211/MCU/ARM_GCC_Support/ewl/lib/armv7e-m\libc.a(memcmp.o)
 .debug_info    0x0000ad85      0x113 C:/Freescale/CW MCU v10.3_121211/MCU/ARM_GCC_Support/ewl/lib/armv7e-m\libc.a(memcpy.o)
 .debug_info    0x0000ae98       0xf4 C:/Freescale/CW MCU v10.3_121211/MCU/ARM_GCC_Support/ewl/lib/armv7e-m\libc.a(memset.o)
 .debug_info    0x0000af8c       0xf3 C:/Freescale/CW MCU v10.3_121211/MCU/ARM_GCC_Support/ewl/lib/armv7e-m\libc.a(strlen.o)
 .debug_info    0x0000b07f      0x512 C:/Freescale/CW MCU v10.3_121211/MCU/ARM_GCC_Support/ewl/lib/armv7e-m\libc.a(printformat_.o)
 .debug_info    0x0000b591      0x564 C:/Freescale/CW MCU v10.3_121211/MCU/ARM_GCC_Support/ewl/lib/armv7e-m\libc.a(scanformat_.o)
 .debug_info    0x0000baf5      0x32a C:/Freescale/CW MCU v10.3_121211/MCU/ARM_GCC_Support/ewl/lib/armv7e-m\libc.a(ctype_aeabi.o)
 .debug_info    0x0000be1f       0xa5 C:/Freescale/CW MCU v10.3_121211/MCU/ARM_GCC_Support/ewl/lib/armv7e-m\libc.a(errno.o)
 .debug_info    0x0000bec4      0x253 C:/Freescale/CW MCU v10.3_121211/MCU/ARM_GCC_Support/ewl/lib/armv7e-m\libc.a(vsscanf.o)
 .debug_info    0x0000c117      0x1d7 C:/Freescale/CW MCU v10.3_121211/MCU/ARM_GCC_Support/ewl/lib/armv7e-m\libc.a(__strtoul.o)
 .debug_info    0x0000c2ee      0x13d C:/Freescale/CW MCU v10.3_121211/MCU/ARM_GCC_Support/ewl/lib/armv7e-m\libc.a(__filll_mem.o)
 .debug_info    0x0000c42b      0x129 C:/Freescale/CW MCU v10.3_121211/MCU/ARM_GCC_Support/ewl/lib/armv7e-m\libc.a(memchr.o)
 .debug_info    0x0000c554      0x110 C:/Freescale/CW MCU v10.3_121211/MCU/ARM_GCC_Support/ewl/lib/armv7e-m\libc.a(strchr.o)
 .debug_info    0x0000c664      0x1c0 C:/Freescale/CW MCU v10.3_121211/MCU/ARM_GCC_Support/ewl/lib/armv7e-m\librt.a(gcc_ctor_dtor.o)
 .debug_info    0x0000c824      0x1b8 C:/Freescale/CW MCU v10.3_121211/MCU/ARM_GCC_Support/ewl/lib/armv7e-m\librt.a(ROMCopy.o)
 .debug_info    0x0000c9dc      0x2d2 C:/Freescale/CW MCU v10.3_121211/MCU/ARM_GCC_Support/ewl/lib/armv7e-m\librt.a(__arm_eabi_init.o)

.debug_abbrev   0x00000000     0x3380
 .debug_abbrev  0x00000000      0x101 ./Sources/Accelerometer_c.obj
 .debug_abbrev  0x00000101       0xe4 ./Sources/Camera_c.obj
 .debug_abbrev  0x000001e5      0x19a ./Sources/Communication_c.obj
 .debug_abbrev  0x0000037f       0xce ./Sources/Controller_c.obj
 .debug_abbrev  0x0000044d      0x172 ./Sources/Events_c.obj
 .debug_abbrev  0x000005bf       0xf8 ./Sources/Map_c.obj
 .debug_abbrev  0x000006b7       0x9f ./Sources/Odometry_c.obj
 .debug_abbrev  0x00000756      0x195 ./Sources/ProcessorExpert_c.obj
 .debug_abbrev  0x000008eb       0xce ./Sources/Steering_c.obj
 .debug_abbrev  0x000009b9       0x50 ./Project_Settings/Startup_Code/__arm_end_c.obj
 .debug_abbrev  0x00000a09       0x96 ./Project_Settings/Startup_Code/__arm_start_c.obj
 .debug_abbrev  0x00000a9f      0x19a ./Generated_Code/AD1_c.obj
 .debug_abbrev  0x00000c39      0x1be ./Generated_Code/AS1_c.obj
 .debug_abbrev  0x00000df7      0x14c ./Generated_Code/CameraTimer_c.obj
 .debug_abbrev  0x00000f43      0x159 ./Generated_Code/Cpu_c.obj
 .debug_abbrev  0x0000109c      0x15f ./Generated_Code/GPIO1_c.obj
 .debug_abbrev  0x000011fb      0x15f ./Generated_Code/GPIO2_c.obj
 .debug_abbrev  0x0000135a      0x186 ./Generated_Code/GPIO3_c.obj
 .debug_abbrev  0x000014e0      0x174 ./Generated_Code/I2C2_c.obj
 .debug_abbrev  0x00001654      0x170 ./Generated_Code/IO1_c.obj
 .debug_abbrev  0x000017c4      0x186 ./Generated_Code/OdometryGPIO_c.obj
 .debug_abbrev  0x0000194a      0x136 ./Generated_Code/OdometryTimer_c.obj
 .debug_abbrev  0x00001a80      0x106 ./Generated_Code/PE_LDD_c.obj
 .debug_abbrev  0x00001b86      0x19a ./Generated_Code/PWMMotor_c.obj
 .debug_abbrev  0x00001d20      0x136 ./Generated_Code/Period_c.obj
 .debug_abbrev  0x00001e56      0x14c ./Generated_Code/ServoTimer_c.obj
 .debug_abbrev  0x00001fa2      0x15f ./Generated_Code/SiPin_c.obj
 .debug_abbrev  0x00002101       0xa7 ./Generated_Code/Vectors_c.obj
 .debug_abbrev  0x000021a8       0xb5 C:/Freescale/CW MCU v10.3_121211/MCU/ARM_GCC_Support/ewl/lib/armv7e-m\libc.a(sprintf.o)
 .debug_abbrev  0x0000225d       0xf4 C:/Freescale/CW MCU v10.3_121211/MCU/ARM_GCC_Support/ewl/lib/armv7e-m\libc.a(vsnprintf.o)
 .debug_abbrev  0x00002351       0xfe C:/Freescale/CW MCU v10.3_121211/MCU/ARM_GCC_Support/ewl/lib/armv7e-m\libc.a(atoi.o)
 .debug_abbrev  0x0000244f       0x8f C:/Freescale/CW MCU v10.3_121211/MCU/ARM_GCC_Support/ewl/lib/armv7e-m\libc.a(exit.o)
 .debug_abbrev  0x000024de       0x9f C:/Freescale/CW MCU v10.3_121211/MCU/ARM_GCC_Support/ewl/lib/armv7e-m\libc.a(memcmp.o)
 .debug_abbrev  0x0000257d       0x97 C:/Freescale/CW MCU v10.3_121211/MCU/ARM_GCC_Support/ewl/lib/armv7e-m\libc.a(memcpy.o)
 .debug_abbrev  0x00002614       0x66 C:/Freescale/CW MCU v10.3_121211/MCU/ARM_GCC_Support/ewl/lib/armv7e-m\libc.a(memset.o)
 .debug_abbrev  0x0000267a       0x7e C:/Freescale/CW MCU v10.3_121211/MCU/ARM_GCC_Support/ewl/lib/armv7e-m\libc.a(strlen.o)
 .debug_abbrev  0x000026f8      0x204 C:/Freescale/CW MCU v10.3_121211/MCU/ARM_GCC_Support/ewl/lib/armv7e-m\libc.a(printformat_.o)
 .debug_abbrev  0x000028fc      0x1fb C:/Freescale/CW MCU v10.3_121211/MCU/ARM_GCC_Support/ewl/lib/armv7e-m\libc.a(scanformat_.o)
 .debug_abbrev  0x00002af7       0x9a C:/Freescale/CW MCU v10.3_121211/MCU/ARM_GCC_Support/ewl/lib/armv7e-m\libc.a(ctype_aeabi.o)
 .debug_abbrev  0x00002b91       0x48 C:/Freescale/CW MCU v10.3_121211/MCU/ARM_GCC_Support/ewl/lib/armv7e-m\libc.a(errno.o)
 .debug_abbrev  0x00002bd9      0x163 C:/Freescale/CW MCU v10.3_121211/MCU/ARM_GCC_Support/ewl/lib/armv7e-m\libc.a(vsscanf.o)
 .debug_abbrev  0x00002d3c       0xc6 C:/Freescale/CW MCU v10.3_121211/MCU/ARM_GCC_Support/ewl/lib/armv7e-m\libc.a(__strtoul.o)
 .debug_abbrev  0x00002e02       0x8b C:/Freescale/CW MCU v10.3_121211/MCU/ARM_GCC_Support/ewl/lib/armv7e-m\libc.a(__filll_mem.o)
 .debug_abbrev  0x00002e8d       0x99 C:/Freescale/CW MCU v10.3_121211/MCU/ARM_GCC_Support/ewl/lib/armv7e-m\libc.a(memchr.o)
 .debug_abbrev  0x00002f26       0x8d C:/Freescale/CW MCU v10.3_121211/MCU/ARM_GCC_Support/ewl/lib/armv7e-m\libc.a(strchr.o)
 .debug_abbrev  0x00002fb3       0x9d C:/Freescale/CW MCU v10.3_121211/MCU/ARM_GCC_Support/ewl/lib/armv7e-m\librt.a(gcc_ctor_dtor.o)
 .debug_abbrev  0x00003050      0x160 C:/Freescale/CW MCU v10.3_121211/MCU/ARM_GCC_Support/ewl/lib/armv7e-m\librt.a(ROMCopy.o)
 .debug_abbrev  0x000031b0      0x1d0 C:/Freescale/CW MCU v10.3_121211/MCU/ARM_GCC_Support/ewl/lib/armv7e-m\librt.a(__arm_eabi_init.o)

.debug_loc      0x00000000     0x4ae1
 .debug_loc     0x00000000       0x38 ./Sources/Accelerometer_c.obj
 .debug_loc     0x00000038      0x11a ./Sources/Camera_c.obj
 .debug_loc     0x00000152      0x58c ./Sources/Communication_c.obj
 .debug_loc     0x000006de       0x70 ./Sources/Controller_c.obj
 .debug_loc     0x0000074e      0x33c ./Sources/Events_c.obj
 .debug_loc     0x00000a8a       0x70 ./Sources/Map_c.obj
 .debug_loc     0x00000afa       0x38 ./Sources/Odometry_c.obj
 .debug_loc     0x00000b32       0x38 ./Sources/ProcessorExpert_c.obj
 .debug_loc     0x00000b6a       0xa8 ./Sources/Steering_c.obj
 .debug_loc     0x00000c12       0x38 ./Project_Settings/Startup_Code/__arm_end_c.obj
 .debug_loc     0x00000c4a       0x2c ./Project_Settings/Startup_Code/__arm_start_c.obj
 .debug_loc     0x00000c76      0x1f8 ./Generated_Code/AD1_c.obj
 .debug_loc     0x00000e6e      0x1f8 ./Generated_Code/AS1_c.obj
 .debug_loc     0x00001066       0xa8 ./Generated_Code/CameraTimer_c.obj
 .debug_loc     0x0000110e       0xe8 ./Generated_Code/Cpu_c.obj
 .debug_loc     0x000011f6      0x230 ./Generated_Code/GPIO1_c.obj
 .debug_loc     0x00001426      0x230 ./Generated_Code/GPIO2_c.obj
 .debug_loc     0x00001656      0x268 ./Generated_Code/GPIO3_c.obj
 .debug_loc     0x000018be      0x1c0 ./Generated_Code/I2C2_c.obj
 .debug_loc     0x00001a7e       0xe0 ./Generated_Code/IO1_c.obj
 .debug_loc     0x00001b5e      0x268 ./Generated_Code/OdometryGPIO_c.obj
 .debug_loc     0x00001dc6       0xe0 ./Generated_Code/OdometryTimer_c.obj
 .debug_loc     0x00001ea6       0x9c ./Generated_Code/PE_LDD_c.obj
 .debug_loc     0x00001f42       0xe0 ./Generated_Code/PWMMotor_c.obj
 .debug_loc     0x00002022       0xa8 ./Generated_Code/Period_c.obj
 .debug_loc     0x000020ca       0xa8 ./Generated_Code/ServoTimer_c.obj
 .debug_loc     0x00002172      0x230 ./Generated_Code/SiPin_c.obj
 .debug_loc     0x000023a2       0x3f C:/Freescale/CW MCU v10.3_121211/MCU/ARM_GCC_Support/ewl/lib/armv7e-m\libc.a(sprintf.o)
 .debug_loc     0x000023e1      0x105 C:/Freescale/CW MCU v10.3_121211/MCU/ARM_GCC_Support/ewl/lib/armv7e-m\libc.a(vsnprintf.o)
 .debug_loc     0x000024e6       0xe8 C:/Freescale/CW MCU v10.3_121211/MCU/ARM_GCC_Support/ewl/lib/armv7e-m\libc.a(atoi.o)
 .debug_loc     0x000025ce       0x3e C:/Freescale/CW MCU v10.3_121211/MCU/ARM_GCC_Support/ewl/lib/armv7e-m\libc.a(exit.o)
 .debug_loc     0x0000260c       0x6f C:/Freescale/CW MCU v10.3_121211/MCU/ARM_GCC_Support/ewl/lib/armv7e-m\libc.a(memcmp.o)
 .debug_loc     0x0000267b       0x46 C:/Freescale/CW MCU v10.3_121211/MCU/ARM_GCC_Support/ewl/lib/armv7e-m\libc.a(memcpy.o)
 .debug_loc     0x000026c1       0x64 C:/Freescale/CW MCU v10.3_121211/MCU/ARM_GCC_Support/ewl/lib/armv7e-m\libc.a(memset.o)
 .debug_loc     0x00002725       0x31 C:/Freescale/CW MCU v10.3_121211/MCU/ARM_GCC_Support/ewl/lib/armv7e-m\libc.a(strlen.o)
 .debug_loc     0x00002756     0x106f C:/Freescale/CW MCU v10.3_121211/MCU/ARM_GCC_Support/ewl/lib/armv7e-m\libc.a(printformat_.o)
 .debug_loc     0x000037c5      0x8cb C:/Freescale/CW MCU v10.3_121211/MCU/ARM_GCC_Support/ewl/lib/armv7e-m\libc.a(scanformat_.o)
 .debug_loc     0x00004090      0x18e C:/Freescale/CW MCU v10.3_121211/MCU/ARM_GCC_Support/ewl/lib/armv7e-m\libc.a(ctype_aeabi.o)
 .debug_loc     0x0000421e      0x13d C:/Freescale/CW MCU v10.3_121211/MCU/ARM_GCC_Support/ewl/lib/armv7e-m\libc.a(vsscanf.o)
 .debug_loc     0x0000435b      0x2ad C:/Freescale/CW MCU v10.3_121211/MCU/ARM_GCC_Support/ewl/lib/armv7e-m\libc.a(__strtoul.o)
 .debug_loc     0x00004608      0x12c C:/Freescale/CW MCU v10.3_121211/MCU/ARM_GCC_Support/ewl/lib/armv7e-m\libc.a(__filll_mem.o)
 .debug_loc     0x00004734       0x82 C:/Freescale/CW MCU v10.3_121211/MCU/ARM_GCC_Support/ewl/lib/armv7e-m\libc.a(memchr.o)
 .debug_loc     0x000047b6       0x78 C:/Freescale/CW MCU v10.3_121211/MCU/ARM_GCC_Support/ewl/lib/armv7e-m\libc.a(strchr.o)
 .debug_loc     0x0000482e       0xbe C:/Freescale/CW MCU v10.3_121211/MCU/ARM_GCC_Support/ewl/lib/armv7e-m\librt.a(gcc_ctor_dtor.o)
 .debug_loc     0x000048ec       0x9b C:/Freescale/CW MCU v10.3_121211/MCU/ARM_GCC_Support/ewl/lib/armv7e-m\librt.a(ROMCopy.o)
 .debug_loc     0x00004987      0x15a C:/Freescale/CW MCU v10.3_121211/MCU/ARM_GCC_Support/ewl/lib/armv7e-m\librt.a(__arm_eabi_init.o)

.debug_aranges  0x00000000      0xb00
 .debug_aranges
                0x00000000       0x20 ./Sources/Accelerometer_c.obj
 .debug_aranges
                0x00000020       0x40 ./Sources/Camera_c.obj
 .debug_aranges
                0x00000060       0xe8 ./Sources/Communication_c.obj
 .debug_aranges
                0x00000148       0x28 ./Sources/Controller_c.obj
 .debug_aranges
                0x00000170       0x90 ./Sources/Events_c.obj
 .debug_aranges
                0x00000200       0x28 ./Sources/Map_c.obj
 .debug_aranges
                0x00000228       0x20 ./Sources/Odometry_c.obj
 .debug_aranges
                0x00000248       0x20 ./Sources/ProcessorExpert_c.obj
 .debug_aranges
                0x00000268       0x30 ./Sources/Steering_c.obj
 .debug_aranges
                0x00000298       0x20 ./Project_Settings/Startup_Code/__arm_end_c.obj
 .debug_aranges
                0x000002b8       0x30 ./Project_Settings/Startup_Code/__arm_start_c.obj
 .debug_aranges
                0x000002e8       0x60 ./Generated_Code/AD1_c.obj
 .debug_aranges
                0x00000348       0x60 ./Generated_Code/AS1_c.obj
 .debug_aranges
                0x000003a8       0x30 ./Generated_Code/CameraTimer_c.obj
 .debug_aranges
                0x000003d8       0x40 ./Generated_Code/Cpu_c.obj
 .debug_aranges
                0x00000418       0x68 ./Generated_Code/GPIO1_c.obj
 .debug_aranges
                0x00000480       0x68 ./Generated_Code/GPIO2_c.obj
 .debug_aranges
                0x000004e8       0x70 ./Generated_Code/GPIO3_c.obj
 .debug_aranges
                0x00000558       0x58 ./Generated_Code/I2C2_c.obj
 .debug_aranges
                0x000005b0       0x38 ./Generated_Code/IO1_c.obj
 .debug_aranges
                0x000005e8       0x70 ./Generated_Code/OdometryGPIO_c.obj
 .debug_aranges
                0x00000658       0x38 ./Generated_Code/OdometryTimer_c.obj
 .debug_aranges
                0x00000690       0x30 ./Generated_Code/PE_LDD_c.obj
 .debug_aranges
                0x000006c0       0x38 ./Generated_Code/PWMMotor_c.obj
 .debug_aranges
                0x000006f8       0x30 ./Generated_Code/Period_c.obj
 .debug_aranges
                0x00000728       0x30 ./Generated_Code/ServoTimer_c.obj
 .debug_aranges
                0x00000758       0x68 ./Generated_Code/SiPin_c.obj
 .debug_aranges
                0x000007c0       0x20 C:/Freescale/CW MCU v10.3_121211/MCU/ARM_GCC_Support/ewl/lib/armv7e-m\libc.a(sprintf.o)
 .debug_aranges
                0x000007e0       0x28 C:/Freescale/CW MCU v10.3_121211/MCU/ARM_GCC_Support/ewl/lib/armv7e-m\libc.a(vsnprintf.o)
 .debug_aranges
                0x00000808       0x30 C:/Freescale/CW MCU v10.3_121211/MCU/ARM_GCC_Support/ewl/lib/armv7e-m\libc.a(atoi.o)
 .debug_aranges
                0x00000838       0x20 C:/Freescale/CW MCU v10.3_121211/MCU/ARM_GCC_Support/ewl/lib/armv7e-m\libc.a(exit.o)
 .debug_aranges
                0x00000858       0x20 C:/Freescale/CW MCU v10.3_121211/MCU/ARM_GCC_Support/ewl/lib/armv7e-m\libc.a(memcmp.o)
 .debug_aranges
                0x00000878       0x20 C:/Freescale/CW MCU v10.3_121211/MCU/ARM_GCC_Support/ewl/lib/armv7e-m\libc.a(memcpy.o)
 .debug_aranges
                0x00000898       0x20 C:/Freescale/CW MCU v10.3_121211/MCU/ARM_GCC_Support/ewl/lib/armv7e-m\libc.a(memset.o)
 .debug_aranges
                0x000008b8       0x20 C:/Freescale/CW MCU v10.3_121211/MCU/ARM_GCC_Support/ewl/lib/armv7e-m\libc.a(strlen.o)
 .debug_aranges
                0x000008d8       0x28 C:/Freescale/CW MCU v10.3_121211/MCU/ARM_GCC_Support/ewl/lib/armv7e-m\libc.a(printformat_.o)
 .debug_aranges
                0x00000900       0x20 C:/Freescale/CW MCU v10.3_121211/MCU/ARM_GCC_Support/ewl/lib/armv7e-m\libc.a(scanformat_.o)
 .debug_aranges
                0x00000920       0x88 C:/Freescale/CW MCU v10.3_121211/MCU/ARM_GCC_Support/ewl/lib/armv7e-m\libc.a(ctype_aeabi.o)
 .debug_aranges
                0x000009a8       0x28 C:/Freescale/CW MCU v10.3_121211/MCU/ARM_GCC_Support/ewl/lib/armv7e-m\libc.a(vsscanf.o)
 .debug_aranges
                0x000009d0       0x20 C:/Freescale/CW MCU v10.3_121211/MCU/ARM_GCC_Support/ewl/lib/armv7e-m\libc.a(__strtoul.o)
 .debug_aranges
                0x000009f0       0x20 C:/Freescale/CW MCU v10.3_121211/MCU/ARM_GCC_Support/ewl/lib/armv7e-m\libc.a(__filll_mem.o)
 .debug_aranges
                0x00000a10       0x20 C:/Freescale/CW MCU v10.3_121211/MCU/ARM_GCC_Support/ewl/lib/armv7e-m\libc.a(memchr.o)
 .debug_aranges
                0x00000a30       0x20 C:/Freescale/CW MCU v10.3_121211/MCU/ARM_GCC_Support/ewl/lib/armv7e-m\libc.a(strchr.o)
 .debug_aranges
                0x00000a50       0x28 C:/Freescale/CW MCU v10.3_121211/MCU/ARM_GCC_Support/ewl/lib/armv7e-m\librt.a(gcc_ctor_dtor.o)
 .debug_aranges
                0x00000a78       0x30 C:/Freescale/CW MCU v10.3_121211/MCU/ARM_GCC_Support/ewl/lib/armv7e-m\librt.a(ROMCopy.o)
 .debug_aranges
                0x00000aa8       0x58 C:/Freescale/CW MCU v10.3_121211/MCU/ARM_GCC_Support/ewl/lib/armv7e-m\librt.a(__arm_eabi_init.o)

.debug_line     0x00000000     0x93ff
 .debug_line    0x00000000      0x4ba ./Sources/Accelerometer_c.obj
 .debug_line    0x000004ba      0x27e ./Sources/Camera_c.obj
 .debug_line    0x00000738      0x6f4 ./Sources/Communication_c.obj
 .debug_line    0x00000e2c      0x436 ./Sources/Controller_c.obj
 .debug_line    0x00001262      0x5b8 ./Sources/Events_c.obj
 .debug_line    0x0000181a      0x457 ./Sources/Map_c.obj
 .debug_line    0x00001c71      0x1c4 ./Sources/Odometry_c.obj
 .debug_line    0x00001e35      0x4e6 ./Sources/ProcessorExpert_c.obj
 .debug_line    0x0000231b      0x449 ./Sources/Steering_c.obj
 .debug_line    0x00002764      0x286 ./Project_Settings/Startup_Code/__arm_end_c.obj
 .debug_line    0x000029ea      0x28c ./Project_Settings/Startup_Code/__arm_start_c.obj
 .debug_line    0x00002c76      0x511 ./Generated_Code/AD1_c.obj
 .debug_line    0x00003187      0x644 ./Generated_Code/AS1_c.obj
 .debug_line    0x000037cb      0x49b ./Generated_Code/CameraTimer_c.obj
 .debug_line    0x00003c66      0x5e0 ./Generated_Code/Cpu_c.obj
 .debug_line    0x00004246      0x4d6 ./Generated_Code/GPIO1_c.obj
 .debug_line    0x0000471c      0x4b9 ./Generated_Code/GPIO2_c.obj
 .debug_line    0x00004bd5      0x527 ./Generated_Code/GPIO3_c.obj
 .debug_line    0x000050fc      0x5e5 ./Generated_Code/I2C2_c.obj
 .debug_line    0x000056e1      0x45b ./Generated_Code/IO1_c.obj
 .debug_line    0x00005b3c      0x536 ./Generated_Code/OdometryGPIO_c.obj
 .debug_line    0x00006072      0x4ab ./Generated_Code/OdometryTimer_c.obj
 .debug_line    0x0000651d      0x41f ./Generated_Code/PE_LDD_c.obj
 .debug_line    0x0000693c      0x4a8 ./Generated_Code/PWMMotor_c.obj
 .debug_line    0x00006de4      0x476 ./Generated_Code/Period_c.obj
 .debug_line    0x0000725a      0x42d ./Generated_Code/ServoTimer_c.obj
 .debug_line    0x00007687      0x4b9 ./Generated_Code/SiPin_c.obj
 .debug_line    0x00007b40      0x51e ./Generated_Code/Vectors_c.obj
 .debug_line    0x0000805e       0x94 C:/Freescale/CW MCU v10.3_121211/MCU/ARM_GCC_Support/ewl/lib/armv7e-m\libc.a(sprintf.o)
 .debug_line    0x000080f2       0xd2 C:/Freescale/CW MCU v10.3_121211/MCU/ARM_GCC_Support/ewl/lib/armv7e-m\libc.a(vsnprintf.o)
 .debug_line    0x000081c4       0xde C:/Freescale/CW MCU v10.3_121211/MCU/ARM_GCC_Support/ewl/lib/armv7e-m\libc.a(atoi.o)
 .debug_line    0x000082a2       0x94 C:/Freescale/CW MCU v10.3_121211/MCU/ARM_GCC_Support/ewl/lib/armv7e-m\libc.a(exit.o)
 .debug_line    0x00008336       0x93 C:/Freescale/CW MCU v10.3_121211/MCU/ARM_GCC_Support/ewl/lib/armv7e-m\libc.a(memcmp.o)
 .debug_line    0x000083c9       0x8d C:/Freescale/CW MCU v10.3_121211/MCU/ARM_GCC_Support/ewl/lib/armv7e-m\libc.a(memcpy.o)
 .debug_line    0x00008456       0x8f C:/Freescale/CW MCU v10.3_121211/MCU/ARM_GCC_Support/ewl/lib/armv7e-m\libc.a(memset.o)
 .debug_line    0x000084e5       0x89 C:/Freescale/CW MCU v10.3_121211/MCU/ARM_GCC_Support/ewl/lib/armv7e-m\libc.a(strlen.o)
 .debug_line    0x0000856e      0x2c6 C:/Freescale/CW MCU v10.3_121211/MCU/ARM_GCC_Support/ewl/lib/armv7e-m\libc.a(printformat_.o)
 .debug_line    0x00008834      0x2e3 C:/Freescale/CW MCU v10.3_121211/MCU/ARM_GCC_Support/ewl/lib/armv7e-m\libc.a(scanformat_.o)
 .debug_line    0x00008b17      0x1dd C:/Freescale/CW MCU v10.3_121211/MCU/ARM_GCC_Support/ewl/lib/armv7e-m\libc.a(ctype_aeabi.o)
 .debug_line    0x00008cf4       0x4d C:/Freescale/CW MCU v10.3_121211/MCU/ARM_GCC_Support/ewl/lib/armv7e-m\libc.a(errno.o)
 .debug_line    0x00008d41       0xc8 C:/Freescale/CW MCU v10.3_121211/MCU/ARM_GCC_Support/ewl/lib/armv7e-m\libc.a(vsscanf.o)
 .debug_line    0x00008e09      0x141 C:/Freescale/CW MCU v10.3_121211/MCU/ARM_GCC_Support/ewl/lib/armv7e-m\libc.a(__strtoul.o)
 .debug_line    0x00008f4a      0x121 C:/Freescale/CW MCU v10.3_121211/MCU/ARM_GCC_Support/ewl/lib/armv7e-m\libc.a(__filll_mem.o)
 .debug_line    0x0000906b       0xa3 C:/Freescale/CW MCU v10.3_121211/MCU/ARM_GCC_Support/ewl/lib/armv7e-m\libc.a(memchr.o)
 .debug_line    0x0000910e       0x84 C:/Freescale/CW MCU v10.3_121211/MCU/ARM_GCC_Support/ewl/lib/armv7e-m\libc.a(strchr.o)
 .debug_line    0x00009192       0x94 C:/Freescale/CW MCU v10.3_121211/MCU/ARM_GCC_Support/ewl/lib/armv7e-m\librt.a(gcc_ctor_dtor.o)
 .debug_line    0x00009226       0xc0 C:/Freescale/CW MCU v10.3_121211/MCU/ARM_GCC_Support/ewl/lib/armv7e-m\librt.a(ROMCopy.o)
 .debug_line    0x000092e6      0x119 C:/Freescale/CW MCU v10.3_121211/MCU/ARM_GCC_Support/ewl/lib/armv7e-m\librt.a(__arm_eabi_init.o)

.debug_macinfo  0x00000000   0xb719d2
 .debug_macinfo
                0x00000000    0x793bb ./Sources/Accelerometer_c.obj
 .debug_macinfo
                0x000793bb     0x3c87 ./Sources/Camera_c.obj
 .debug_macinfo
                0x0007d042    0x796c7 ./Sources/Communication_c.obj
 .debug_macinfo
                0x000f6709    0x7931d ./Sources/Controller_c.obj
 .debug_macinfo
                0x0016fa26    0x796d1 ./Sources/Events_c.obj
 .debug_macinfo
                0x001e90f7    0x7941d ./Sources/Map_c.obj
 .debug_macinfo
                0x00262514     0x3d8f ./Sources/Odometry_c.obj
 .debug_macinfo
                0x002662a3    0x7974a ./Sources/ProcessorExpert_c.obj
 .debug_macinfo
                0x002df9ed    0x79334 ./Sources/Steering_c.obj
 .debug_macinfo
                0x00358d21     0x3318 ./Project_Settings/Startup_Code/__arm_end_c.obj
 .debug_macinfo
                0x0035c039     0x3d2f ./Project_Settings/Startup_Code/__arm_start_c.obj
 .debug_macinfo
                0x0035fd68    0x7941c ./Generated_Code/AD1_c.obj
 .debug_macinfo
                0x003d9184    0x7aab6 ./Generated_Code/AS1_c.obj
 .debug_macinfo
                0x00453c3a    0x793fe ./Generated_Code/CameraTimer_c.obj
 .debug_macinfo
                0x004cd038    0x79325 ./Generated_Code/Cpu_c.obj
 .debug_macinfo
                0x0054635d    0x792bf ./Generated_Code/GPIO1_c.obj
 .debug_macinfo
                0x005bf61c    0x792bf ./Generated_Code/GPIO2_c.obj
 .debug_macinfo
                0x006388db    0x79325 ./Generated_Code/GPIO3_c.obj
 .debug_macinfo
                0x006b1c00    0x7ba2e ./Generated_Code/I2C2_c.obj
 .debug_macinfo
                0x0072d62e    0x7aa1c ./Generated_Code/IO1_c.obj
 .debug_macinfo
                0x007a804a    0x79325 ./Generated_Code/OdometryGPIO_c.obj
 .debug_macinfo
                0x0082136f    0x79370 ./Generated_Code/OdometryTimer_c.obj
 .debug_macinfo
                0x0089a6df    0x792b7 ./Generated_Code/PE_LDD_c.obj
 .debug_macinfo
                0x00913996    0x793da ./Generated_Code/PWMMotor_c.obj
 .debug_macinfo
                0x0098cd70    0x79370 ./Generated_Code/Period_c.obj
 .debug_macinfo
                0x00a060e0    0x79312 ./Generated_Code/ServoTimer_c.obj
 .debug_macinfo
                0x00a7f3f2    0x792bf ./Generated_Code/SiPin_c.obj
 .debug_macinfo
                0x00af86b1    0x79321 ./Generated_Code/Vectors_c.obj

.debug_str      0x00000000     0x3119
 .debug_str     0x00000000      0x1cf ./Sources/Accelerometer_c.obj
                                0x23b (size before relaxing)
 .debug_str     0x000001cf      0x180 ./Sources/Camera_c.obj
                                0x279 (size before relaxing)
 .debug_str     0x0000034f      0x900 ./Sources/Communication_c.obj
                                0xbfa (size before relaxing)
 .debug_str     0x00000c4f       0x42 ./Sources/Controller_c.obj
                                0x1c4 (size before relaxing)
 .debug_str     0x00000c91      0x1d7 ./Sources/Events_c.obj
                                0x5d5 (size before relaxing)
 .debug_str     0x00000e68       0x30 ./Sources/Map_c.obj
                                0x2bb (size before relaxing)
 .debug_str     0x00000e98       0x23 ./Sources/Odometry_c.obj
                                0x187 (size before relaxing)
 .debug_str     0x00000ebb      0x159 ./Sources/ProcessorExpert_c.obj
                                0x5d1 (size before relaxing)
 .debug_str     0x00001014       0x5e ./Sources/Steering_c.obj
                                0x213 (size before relaxing)
 .debug_str     0x00001072       0x41 ./Project_Settings/Startup_Code/__arm_end_c.obj
                                 0xb3 (size before relaxing)
 .debug_str     0x000010b3       0x85 ./Project_Settings/Startup_Code/__arm_start_c.obj
                                0x173 (size before relaxing)
 .debug_str     0x00001138      0x36c ./Generated_Code/AD1_c.obj
                                0x555 (size before relaxing)
 .debug_str     0x000014a4      0x210 ./Generated_Code/AS1_c.obj
                                0x51f (size before relaxing)
 .debug_str     0x000016b4       0xd3 ./Generated_Code/CameraTimer_c.obj
                                0x459 (size before relaxing)
 .debug_str     0x00001787      0x225 ./Generated_Code/Cpu_c.obj
                                0x4ad (size before relaxing)
 .debug_str     0x000019ac      0x15f ./Generated_Code/GPIO1_c.obj
                                0x37c (size before relaxing)
 .debug_str     0x00001b0b      0x119 ./Generated_Code/GPIO2_c.obj
                                0x37c (size before relaxing)
 .debug_str     0x00001c24      0x16a ./Generated_Code/GPIO3_c.obj
                                0x438 (size before relaxing)
 .debug_str     0x00001d8e      0x1fe ./Generated_Code/I2C2_c.obj
                                0x596 (size before relaxing)
 .debug_str     0x00001f8c       0x34 ./Generated_Code/IO1_c.obj
                                0x3ed (size before relaxing)
 .debug_str     0x00001fc0      0x1cf ./Generated_Code/OdometryGPIO_c.obj
                                0x4a8 (size before relaxing)
 .debug_str     0x0000218f      0x105 ./Generated_Code/OdometryTimer_c.obj
                                0x3ca (size before relaxing)
 .debug_str     0x00002294      0x172 ./Generated_Code/PE_LDD_c.obj
                                0x2b5 (size before relaxing)
 .debug_str     0x00002406       0xd3 ./Generated_Code/PWMMotor_c.obj
                                0x4a4 (size before relaxing)
 .debug_str     0x000024d9       0x8f ./Generated_Code/Period_c.obj
                                0x362 (size before relaxing)
 .debug_str     0x00002568       0x88 ./Generated_Code/ServoTimer_c.obj
                                0x3ed (size before relaxing)
 .debug_str     0x000025f0      0x119 ./Generated_Code/SiPin_c.obj
                                0x37c (size before relaxing)
 .debug_str     0x00002709       0x2f ./Generated_Code/Vectors_c.obj
                                0x152 (size before relaxing)
 .debug_str     0x00002738       0x56 C:/Freescale/CW MCU v10.3_121211/MCU/ARM_GCC_Support/ewl/lib/armv7e-m\libc.a(sprintf.o)
                                0x15a (size before relaxing)
 .debug_str     0x0000278e       0x83 C:/Freescale/CW MCU v10.3_121211/MCU/ARM_GCC_Support/ewl/lib/armv7e-m\libc.a(vsnprintf.o)
                                0x1c3 (size before relaxing)
 .debug_str     0x00002811       0x7a C:/Freescale/CW MCU v10.3_121211/MCU/ARM_GCC_Support/ewl/lib/armv7e-m\libc.a(atoi.o)
                                0x1a6 (size before relaxing)
 .debug_str     0x0000288b       0x2e C:/Freescale/CW MCU v10.3_121211/MCU/ARM_GCC_Support/ewl/lib/armv7e-m\libc.a(exit.o)
                                0x14e (size before relaxing)
 .debug_str     0x000028b9       0x2e C:/Freescale/CW MCU v10.3_121211/MCU/ARM_GCC_Support/ewl/lib/armv7e-m\libc.a(memcmp.o)
                                0x149 (size before relaxing)
 .debug_str     0x000028e7       0x1c C:/Freescale/CW MCU v10.3_121211/MCU/ARM_GCC_Support/ewl/lib/armv7e-m\libc.a(memcpy.o)
                                0x138 (size before relaxing)
 .debug_str     0x00002903       0x1c C:/Freescale/CW MCU v10.3_121211/MCU/ARM_GCC_Support/ewl/lib/armv7e-m\libc.a(memset.o)
                                0x140 (size before relaxing)
 .debug_str     0x0000291f       0x1c C:/Freescale/CW MCU v10.3_121211/MCU/ARM_GCC_Support/ewl/lib/armv7e-m\libc.a(strlen.o)
                                0x140 (size before relaxing)
 .debug_str     0x0000293b      0x21f C:/Freescale/CW MCU v10.3_121211/MCU/ARM_GCC_Support/ewl/lib/armv7e-m\libc.a(printformat_.o)
                                0x3aa (size before relaxing)
 .debug_str     0x00002b5a      0x172 C:/Freescale/CW MCU v10.3_121211/MCU/ARM_GCC_Support/ewl/lib/armv7e-m\libc.a(scanformat_.o)
                                0x3f0 (size before relaxing)
 .debug_str     0x00002ccc       0x9d C:/Freescale/CW MCU v10.3_121211/MCU/ARM_GCC_Support/ewl/lib/armv7e-m\libc.a(ctype_aeabi.o)
                                0x1b3 (size before relaxing)
 .debug_str     0x00002d69       0x12 C:/Freescale/CW MCU v10.3_121211/MCU/ARM_GCC_Support/ewl/lib/armv7e-m\libc.a(errno.o)
                                0x12c (size before relaxing)
 .debug_str     0x00002d7b       0x3c C:/Freescale/CW MCU v10.3_121211/MCU/ARM_GCC_Support/ewl/lib/armv7e-m\libc.a(vsscanf.o)
                                0x1dc (size before relaxing)
 .debug_str     0x00002db7       0x55 C:/Freescale/CW MCU v10.3_121211/MCU/ARM_GCC_Support/ewl/lib/armv7e-m\libc.a(__strtoul.o)
                                0x1f2 (size before relaxing)
 .debug_str     0x00002e0c       0x25 C:/Freescale/CW MCU v10.3_121211/MCU/ARM_GCC_Support/ewl/lib/armv7e-m\libc.a(__filll_mem.o)
                                0x152 (size before relaxing)
 .debug_str     0x00002e31       0x1c C:/Freescale/CW MCU v10.3_121211/MCU/ARM_GCC_Support/ewl/lib/armv7e-m\libc.a(memchr.o)
                                0x148 (size before relaxing)
 .debug_str     0x00002e4d       0x1c C:/Freescale/CW MCU v10.3_121211/MCU/ARM_GCC_Support/ewl/lib/armv7e-m\libc.a(strchr.o)
                                0x137 (size before relaxing)
 .debug_str     0x00002e69      0x126 C:/Freescale/CW MCU v10.3_121211/MCU/ARM_GCC_Support/ewl/lib/armv7e-m\librt.a(gcc_ctor_dtor.o)
                                0x185 (size before relaxing)
 .debug_str     0x00002f8f       0x9c C:/Freescale/CW MCU v10.3_121211/MCU/ARM_GCC_Support/ewl/lib/armv7e-m\librt.a(ROMCopy.o)
                                0x140 (size before relaxing)
 .debug_str     0x0000302b       0xee C:/Freescale/CW MCU v10.3_121211/MCU/ARM_GCC_Support/ewl/lib/armv7e-m\librt.a(__arm_eabi_init.o)
                                0x1ac (size before relaxing)

.comment        0x00000000       0x79
 .comment       0x00000000       0x79 ./Sources/Accelerometer_c.obj
                                 0x7a (size before relaxing)
 .comment       0x00000000       0x7a ./Sources/Camera_c.obj
 .comment       0x00000000       0x7a ./Sources/Communication_c.obj
 .comment       0x00000000       0x7a ./Sources/Controller_c.obj
 .comment       0x00000000       0x7a ./Sources/Events_c.obj
 .comment       0x00000000       0x7a ./Sources/Map_c.obj
 .comment       0x00000000       0x7a ./Sources/Odometry_c.obj
 .comment       0x00000000       0x7a ./Sources/ProcessorExpert_c.obj
 .comment       0x00000000       0x7a ./Sources/Steering_c.obj
 .comment       0x00000000       0x7a ./Project_Settings/Startup_Code/__arm_end_c.obj
 .comment       0x00000000       0x7a ./Project_Settings/Startup_Code/__arm_start_c.obj
 .comment       0x00000000       0x7a ./Generated_Code/AD1_c.obj
 .comment       0x00000000       0x7a ./Generated_Code/AS1_c.obj
 .comment       0x00000000       0x7a ./Generated_Code/CameraTimer_c.obj
 .comment       0x00000000       0x7a ./Generated_Code/Cpu_c.obj
 .comment       0x00000000       0x7a ./Generated_Code/GPIO1_c.obj
 .comment       0x00000000       0x7a ./Generated_Code/GPIO2_c.obj
 .comment       0x00000000       0x7a ./Generated_Code/GPIO3_c.obj
 .comment       0x00000000       0x7a ./Generated_Code/I2C2_c.obj
 .comment       0x00000000       0x7a ./Generated_Code/IO1_c.obj
 .comment       0x00000000       0x7a ./Generated_Code/OdometryGPIO_c.obj
 .comment       0x00000000       0x7a ./Generated_Code/OdometryTimer_c.obj
 .comment       0x00000000       0x7a ./Generated_Code/PE_LDD_c.obj
 .comment       0x00000000       0x7a ./Generated_Code/PWMMotor_c.obj
 .comment       0x00000000       0x7a ./Generated_Code/Period_c.obj
 .comment       0x00000000       0x7a ./Generated_Code/ServoTimer_c.obj
 .comment       0x00000000       0x7a ./Generated_Code/SiPin_c.obj
 .comment       0x00000000       0x7a ./Generated_Code/Vectors_c.obj
 .comment       0x00000000       0x7a C:/Freescale/CW MCU v10.3_121211/MCU/ARM_GCC_Support/ewl/lib/armv7e-m\libc.a(sprintf.o)
 .comment       0x00000000       0x7a C:/Freescale/CW MCU v10.3_121211/MCU/ARM_GCC_Support/ewl/lib/armv7e-m\libc.a(vsnprintf.o)
 .comment       0x00000000       0x7a C:/Freescale/CW MCU v10.3_121211/MCU/ARM_GCC_Support/ewl/lib/armv7e-m\libc.a(atoi.o)
 .comment       0x00000000       0x7a C:/Freescale/CW MCU v10.3_121211/MCU/ARM_GCC_Support/ewl/lib/armv7e-m\libc.a(exit.o)
 .comment       0x00000000       0x7a C:/Freescale/CW MCU v10.3_121211/MCU/ARM_GCC_Support/ewl/lib/armv7e-m\libc.a(memcmp.o)
 .comment       0x00000000       0x7a C:/Freescale/CW MCU v10.3_121211/MCU/ARM_GCC_Support/ewl/lib/armv7e-m\libc.a(memcpy.o)
 .comment       0x00000000       0x7a C:/Freescale/CW MCU v10.3_121211/MCU/ARM_GCC_Support/ewl/lib/armv7e-m\libc.a(memset.o)
 .comment       0x00000000       0x7a C:/Freescale/CW MCU v10.3_121211/MCU/ARM_GCC_Support/ewl/lib/armv7e-m\libc.a(strlen.o)
 .comment       0x00000000       0x7a C:/Freescale/CW MCU v10.3_121211/MCU/ARM_GCC_Support/ewl/lib/armv7e-m\libc.a(printformat_.o)
 .comment       0x00000000       0x7a C:/Freescale/CW MCU v10.3_121211/MCU/ARM_GCC_Support/ewl/lib/armv7e-m\libc.a(scanformat_.o)
 .comment       0x00000000       0x7a C:/Freescale/CW MCU v10.3_121211/MCU/ARM_GCC_Support/ewl/lib/armv7e-m\libc.a(ctype_aeabi.o)
 .comment       0x00000000       0x7a C:/Freescale/CW MCU v10.3_121211/MCU/ARM_GCC_Support/ewl/lib/armv7e-m\libc.a(errno.o)
 .comment       0x00000000       0x7a C:/Freescale/CW MCU v10.3_121211/MCU/ARM_GCC_Support/ewl/lib/armv7e-m\libc.a(vsscanf.o)
 .comment       0x00000000       0x7a C:/Freescale/CW MCU v10.3_121211/MCU/ARM_GCC_Support/ewl/lib/armv7e-m\libc.a(__strtoul.o)
 .comment       0x00000000       0x7a C:/Freescale/CW MCU v10.3_121211/MCU/ARM_GCC_Support/ewl/lib/armv7e-m\libc.a(__filll_mem.o)
 .comment       0x00000000       0x7a C:/Freescale/CW MCU v10.3_121211/MCU/ARM_GCC_Support/ewl/lib/armv7e-m\libc.a(memchr.o)
 .comment       0x00000000       0x7a C:/Freescale/CW MCU v10.3_121211/MCU/ARM_GCC_Support/ewl/lib/armv7e-m\libc.a(strchr.o)
 .comment       0x00000000       0x7a C:/Freescale/CW MCU v10.3_121211/MCU/ARM_GCC_Support/ewl/lib/armv7e-m\librt.a(gcc_ctor_dtor.o)
 .comment       0x00000000       0x7a C:/Freescale/CW MCU v10.3_121211/MCU/ARM_GCC_Support/ewl/lib/armv7e-m\librt.a(ROMCopy.o)
 .comment       0x00000000       0x7a C:/Freescale/CW MCU v10.3_121211/MCU/ARM_GCC_Support/ewl/lib/armv7e-m\librt.a(__arm_eabi_init.o)

.debug_frame    0x00000000     0x1a58
 .debug_frame   0x00000000       0x30 ./Sources/Accelerometer_c.obj
 .debug_frame   0x00000030       0xa0 ./Sources/Camera_c.obj
 .debug_frame   0x000000d0      0x344 ./Sources/Communication_c.obj
 .debug_frame   0x00000414       0x4c ./Sources/Controller_c.obj
 .debug_frame   0x00000460      0x1d0 ./Sources/Events_c.obj
 .debug_frame   0x00000630       0x48 ./Sources/Map_c.obj
 .debug_frame   0x00000678       0x2c ./Sources/Odometry_c.obj
 .debug_frame   0x000006a4       0x34 ./Sources/ProcessorExpert_c.obj
 .debug_frame   0x000006d8       0x6c ./Sources/Steering_c.obj
 .debug_frame   0x00000744       0x2c ./Project_Settings/Startup_Code/__arm_end_c.obj
 .debug_frame   0x00000770       0x4c ./Project_Settings/Startup_Code/__arm_start_c.obj
 .debug_frame   0x000007bc      0x118 ./Generated_Code/AD1_c.obj
 .debug_frame   0x000008d4      0x128 ./Generated_Code/AS1_c.obj
 .debug_frame   0x000009fc       0x70 ./Generated_Code/CameraTimer_c.obj
 .debug_frame   0x00000a6c       0xac ./Generated_Code/Cpu_c.obj
 .debug_frame   0x00000b18      0x128 ./Generated_Code/GPIO1_c.obj
 .debug_frame   0x00000c40      0x128 ./Generated_Code/GPIO2_c.obj
 .debug_frame   0x00000d68      0x150 ./Generated_Code/GPIO3_c.obj
 .debug_frame   0x00000eb8      0x100 ./Generated_Code/I2C2_c.obj
 .debug_frame   0x00000fb8       0x8c ./Generated_Code/IO1_c.obj
 .debug_frame   0x00001044      0x150 ./Generated_Code/OdometryGPIO_c.obj
 .debug_frame   0x00001194       0x8c ./Generated_Code/OdometryTimer_c.obj
 .debug_frame   0x00001220       0x64 ./Generated_Code/PE_LDD_c.obj
 .debug_frame   0x00001284       0x8c ./Generated_Code/PWMMotor_c.obj
 .debug_frame   0x00001310       0x70 ./Generated_Code/Period_c.obj
 .debug_frame   0x00001380       0x64 ./Generated_Code/ServoTimer_c.obj
 .debug_frame   0x000013e4      0x128 ./Generated_Code/SiPin_c.obj
 .debug_frame   0x0000150c       0x34 C:/Freescale/CW MCU v10.3_121211/MCU/ARM_GCC_Support/ewl/lib/armv7e-m\libc.a(sprintf.o)
 .debug_frame   0x00001540       0x4c C:/Freescale/CW MCU v10.3_121211/MCU/ARM_GCC_Support/ewl/lib/armv7e-m\libc.a(vsnprintf.o)
 .debug_frame   0x0000158c       0x4c C:/Freescale/CW MCU v10.3_121211/MCU/ARM_GCC_Support/ewl/lib/armv7e-m\libc.a(atoi.o)
 .debug_frame   0x000015d8       0x28 C:/Freescale/CW MCU v10.3_121211/MCU/ARM_GCC_Support/ewl/lib/armv7e-m\libc.a(exit.o)
 .debug_frame   0x00001600       0x2c C:/Freescale/CW MCU v10.3_121211/MCU/ARM_GCC_Support/ewl/lib/armv7e-m\libc.a(memcmp.o)
 .debug_frame   0x0000162c       0x28 C:/Freescale/CW MCU v10.3_121211/MCU/ARM_GCC_Support/ewl/lib/armv7e-m\libc.a(memcpy.o)
 .debug_frame   0x00001654       0x28 C:/Freescale/CW MCU v10.3_121211/MCU/ARM_GCC_Support/ewl/lib/armv7e-m\libc.a(memset.o)
 .debug_frame   0x0000167c       0x20 C:/Freescale/CW MCU v10.3_121211/MCU/ARM_GCC_Support/ewl/lib/armv7e-m\libc.a(strlen.o)
 .debug_frame   0x0000169c       0x64 C:/Freescale/CW MCU v10.3_121211/MCU/ARM_GCC_Support/ewl/lib/armv7e-m\libc.a(printformat_.o)
 .debug_frame   0x00001700       0x3c C:/Freescale/CW MCU v10.3_121211/MCU/ARM_GCC_Support/ewl/lib/armv7e-m\libc.a(scanformat_.o)
 .debug_frame   0x0000173c       0xf0 C:/Freescale/CW MCU v10.3_121211/MCU/ARM_GCC_Support/ewl/lib/armv7e-m\libc.a(ctype_aeabi.o)
 .debug_frame   0x0000182c       0x40 C:/Freescale/CW MCU v10.3_121211/MCU/ARM_GCC_Support/ewl/lib/armv7e-m\libc.a(vsscanf.o)
 .debug_frame   0x0000186c       0x3c C:/Freescale/CW MCU v10.3_121211/MCU/ARM_GCC_Support/ewl/lib/armv7e-m\libc.a(__strtoul.o)
 .debug_frame   0x000018a8       0x2c C:/Freescale/CW MCU v10.3_121211/MCU/ARM_GCC_Support/ewl/lib/armv7e-m\libc.a(__filll_mem.o)
 .debug_frame   0x000018d4       0x28 C:/Freescale/CW MCU v10.3_121211/MCU/ARM_GCC_Support/ewl/lib/armv7e-m\libc.a(memchr.o)
 .debug_frame   0x000018fc       0x20 C:/Freescale/CW MCU v10.3_121211/MCU/ARM_GCC_Support/ewl/lib/armv7e-m\libc.a(strchr.o)
 .debug_frame   0x0000191c       0x48 C:/Freescale/CW MCU v10.3_121211/MCU/ARM_GCC_Support/ewl/lib/armv7e-m\librt.a(gcc_ctor_dtor.o)
 .debug_frame   0x00001964       0x48 C:/Freescale/CW MCU v10.3_121211/MCU/ARM_GCC_Support/ewl/lib/armv7e-m\librt.a(ROMCopy.o)
 .debug_frame   0x000019ac       0xac C:/Freescale/CW MCU v10.3_121211/MCU/ARM_GCC_Support/ewl/lib/armv7e-m\librt.a(__arm_eabi_init.o)
